<html>
<body>
<pre>
<h1>µVision Build Log</h1>
<h2>Tool Versions:</h2>
IDE-Version: ¦ÌVision V5.35.0.0
Copyright (C) 2021 ARM Ltd and ARM Germany GmbH. All rights reserved.
License Information: 12345 1831427532@qq.com, GDUT, LIC=SDA0P-MW7TX-QDDKD-83ZC5-E2BW4-I5LS1
 
Tool Versions:
Toolchain:       MDK-ARM Plus  Version: 5.35.0.2
Toolchain Path:  C:\Keil_v5\ARM\ARMCC\Bin
C Compiler:      Armcc.exe V5.06 update 7 (build 960)
Assembler:       Armasm.exe V5.06 update 7 (build 960)
Linker/Locator:  ArmLink.exe V5.06 update 7 (build 960)
Library Manager: ArmAr.exe V5.06 update 7 (build 960)
Hex Converter:   FromElf.exe V5.06 update 7 (build 960)
CPU DLL:         SARMCM3.DLL V5.35.0.2
Dialog DLL:      DCM.DLL V1.17.3.0
Target DLL:      CMSIS_AGDI.dll V1.33.0.0
Dialog DLL:      TCM.DLL V1.53.0.0
 
<h2>Project:</h2>
D:\robot\robot\MDK-ARM\motor.uvprojx
Project File Date:  09/12/2022

<h2>Output:</h2>
*** Using Compiler 'V5.06 update 7 (build 960)', folder: 'C:\Keil_v5\ARM\ARMCC\Bin'
Build target 'motor'
compiling tim.c...
compiling stm32f7xx_hal_msp.c...
compiling gpio.c...
compiling freertos.c...
compiling usart.c...
compiling main.c...
compiling stm32f7xx_it.c...
compiling stm32f7xx_hal_timebase_tim.c...
compiling atk_imu.c...
compiling QR_code.c...
compiling openmv.c...
compiling servo.c...
compiling chassis.c...
compiling general.c...
compiling motor.c...
..\Driver\motor.c(605): warning:  #111-D: statement is unreachable
      set_speed(0, 0, 0); //ï¿½ï¿½Ê±ï¿½ï¿½ï¿½ï¿½Ö¿ï¿½ï¿½ï¿½Ð¼ï¿½
..\Driver\motor.c: 1 warning, 0 errors
compiling delay.c...
compiling time_cnt.c...
compiling avoid_obs.c...
compiling uart_handle.c...
compiling imu_pid.c...
compiling track_bar_receive.c...
..\Driver\track_bar_receive.c(724): warning:  #1-D: last line of file ends without a newline
  }
..\Driver\track_bar_receive.c: 1 warning, 0 errors
compiling tim_control.c...
compiling chassis_control.c...
compiling chassis_task.c...
compiling debug_task.c...
compiling filter.c...
compiling usmart_task.c...
compiling avoid_obs_func.c...
compiling track_task.c...
compiling Wait_BackInf.c...
assembling startup_stm32f750xx.s...
compiling read_status_task.c...
compiling pid.c...
compiling usmart_str.c...
compiling system_stm32f7xx.c...
compiling usmart_config.c...
compiling usmart.c...
compiling stm32f7xx_hal_cortex.c...
compiling stm32f7xx_hal_flash.c...
compiling stm32f7xx_hal_rcc.c...
compiling stm32f7xx_hal_gpio.c...
compiling stm32f7xx_hal_rcc_ex.c...
compiling stm32f7xx_hal_flash_ex.c...
compiling stm32f7xx_hal_dma.c...
compiling stm32f7xx_hal_dma_ex.c...
compiling stm32f7xx_hal_pwr.c...
compiling stm32f7xx_hal.c...
compiling stm32f7xx_hal_exti.c...
compiling stm32f7xx_hal_i2c_ex.c...
compiling stm32f7xx_hal_pwr_ex.c...
compiling croutine.c...
compiling event_groups.c...
compiling list.c...
compiling queue.c...
compiling stream_buffer.c...
compiling timers.c...
compiling tasks.c...
compiling heap_4.c...
compiling stm32f7xx_hal_i2c.c...
compiling cmsis_os.c...
compiling port.c...
compiling stm32f7xx_hal_tim.c...
compiling stm32f7xx_hal_uart_ex.c...
compiling stm32f7xx_hal_tim_ex.c...
compiling stm32f7xx_hal_uart.c...
compiling general_interface.c...
linking...
Program Size: Code=57900 RO-data=2256 RW-data=1764 ZI-data=21196  
FromELF: creating hex file...
"motor\motor.axf" - 0 Error(s), 2 Warning(s).

<h2>Software Packages used:</h2>

Package Vendor: ARM
                http://www.keil.com/pack/ARM.CMSIS.5.8.0.pack
                ARM.CMSIS.5.8.0
                CMSIS (Common Microcontroller Software Interface Standard)
   * Component: CORE Version: 5.5.0

Package Vendor: Keil
                http://www.keil.com/pack/Keil.STM32F7xx_DFP.2.14.1.pack
                Keil.STM32F7xx_DFP.2.14.1
                STMicroelectronics STM32F7 Series Device Support, Drivers and Examples

<h2>Collection of Component include folders:</h2>
  .\RTE\_motor
  C:\Users\18314\AppData\Local\Arm\Packs\ARM\CMSIS\5.8.0\CMSIS\Core\Include
  C:\Users\18314\AppData\Local\Arm\Packs\Keil\STM32F7xx_DFP\2.14.1\Drivers\CMSIS\Device\ST\STM32F7xx\Include

<h2>Collection of Component Files used:</h2>

   * Component: ARM::CMSIS:CORE:5.5.0
      Include file:  CMSIS\Core\Include\tz_context.h
Build Time Elapsed:  00:06:07
</pre>
</body>
</html>
