Component: ARM Compiler 5.06 update 7 (build 960) Tool: armlink [4d3601]

==============================================================================

Section Cross References

    main.o(i.HAL_TIM_PeriodElapsedCallback) refers to tim_control.o(i.MY_PeriodElapsedCallback) for MY_PeriodElapsedCallback
    main.o(i.HAL_TIM_PeriodElapsedCallback) refers to stm32f7xx_hal.o(i.HAL_IncTick) for HAL_IncTick
    main.o(i.SystemClock_Config) refers to rt_memclr_w.o(.text) for __aeabi_memclr4
    main.o(i.SystemClock_Config) refers to stm32f7xx_hal_rcc.o(i.HAL_RCC_OscConfig) for HAL_RCC_OscConfig
    main.o(i.SystemClock_Config) refers to main.o(i.Error_Handler) for Error_Handler
    main.o(i.SystemClock_Config) refers to stm32f7xx_hal_pwr_ex.o(i.HAL_PWREx_EnableOverDrive) for HAL_PWREx_EnableOverDrive
    main.o(i.SystemClock_Config) refers to stm32f7xx_hal_rcc.o(i.HAL_RCC_ClockConfig) for HAL_RCC_ClockConfig
    main.o(i.SystemClock_Config) refers to stm32f7xx_hal_rcc_ex.o(i.HAL_RCCEx_PeriphCLKConfig) for HAL_RCCEx_PeriphCLKConfig
    main.o(i.USER_Init) refers to track_bar_receive.o(i.track_bar_init) for track_bar_init
    main.o(i.USER_Init) refers to atk_imu.o(i.ATK_IMU_Init) for ATK_IMU_Init
    main.o(i.USER_Init) refers to delay.o(i.delay_init) for delay_init
    main.o(i.USER_Init) refers to motor.o(i.Motor_PID_Init) for Motor_PID_Init
    main.o(i.USER_Init) refers to motor.o(i.Motor_PID1_Init) for Motor_PID1_Init
    main.o(i.USER_Init) refers to chassis.o(i.set_chassis_status) for set_chassis_status
    main.o(i.USER_Init) refers to motor.o(i.motor_init) for motor_init
    main.o(i.USER_Init) refers to uart_handle.o(i.printf_init) for printf_init
    main.o(i.USER_Init) refers to track_bar_receive.o(i.track_status) for track_status
    main.o(i.USER_Init) refers to usart.o(.bss) for huart1
    main.o(i.USER_Init) refers to tim.o(.bss) for htim6
    main.o(i.USER_Init) refers to usmart_config.o(.data) for usmart_dev
    main.o(i.main) refers to stm32f7xx_hal.o(i.HAL_Init) for HAL_Init
    main.o(i.main) refers to main.o(i.SystemClock_Config) for SystemClock_Config
    main.o(i.main) refers to gpio.o(i.MX_GPIO_Init) for MX_GPIO_Init
    main.o(i.main) refers to tim.o(i.MX_TIM1_Init) for MX_TIM1_Init
    main.o(i.main) refers to tim.o(i.MX_TIM2_Init) for MX_TIM2_Init
    main.o(i.main) refers to tim.o(i.MX_TIM3_Init) for MX_TIM3_Init
    main.o(i.main) refers to tim.o(i.MX_TIM5_Init) for MX_TIM5_Init
    main.o(i.main) refers to usart.o(i.MX_USART1_UART_Init) for MX_USART1_UART_Init
    main.o(i.main) refers to usart.o(i.MX_USART2_UART_Init) for MX_USART2_UART_Init
    main.o(i.main) refers to tim.o(i.MX_TIM6_Init) for MX_TIM6_Init
    main.o(i.main) refers to usart.o(i.MX_UART4_Init) for MX_UART4_Init
    main.o(i.main) refers to usart.o(i.MX_UART5_Init) for MX_UART5_Init
    main.o(i.main) refers to usart.o(i.MX_UART7_Init) for MX_UART7_Init
    main.o(i.main) refers to usart.o(i.MX_UART8_Init) for MX_UART8_Init
    main.o(i.main) refers to usart.o(i.MX_USART3_UART_Init) for MX_USART3_UART_Init
    main.o(i.main) refers to usart.o(i.MX_USART6_UART_Init) for MX_USART6_UART_Init
    main.o(i.main) refers to main.o(i.USER_Init) for USER_Init
    main.o(i.main) refers to freertos.o(i.MX_FREERTOS_Init) for MX_FREERTOS_Init
    main.o(i.main) refers to cmsis_os.o(i.osKernelStart) for osKernelStart
    gpio.o(i.MX_GPIO_Init) refers to rt_memclr_w.o(.text) for __aeabi_memclr4
    gpio.o(i.MX_GPIO_Init) refers to stm32f7xx_hal_gpio.o(i.HAL_GPIO_WritePin) for HAL_GPIO_WritePin
    gpio.o(i.MX_GPIO_Init) refers to stm32f7xx_hal_gpio.o(i.HAL_GPIO_Init) for HAL_GPIO_Init
    gpio.o(i.MX_GPIO_Init) refers to stm32f7xx_hal_cortex.o(i.HAL_NVIC_SetPriority) for HAL_NVIC_SetPriority
    gpio.o(i.MX_GPIO_Init) refers to stm32f7xx_hal_cortex.o(i.HAL_NVIC_EnableIRQ) for HAL_NVIC_EnableIRQ
    freertos.o(i.BarTextTask) refers to cmsis_os.o(i.osDelay) for osDelay
    freertos.o(i.MX_FREERTOS_Init) refers to rt_memcpy_w.o(.text) for __aeabi_memcpy4
    freertos.o(i.MX_FREERTOS_Init) refers to cmsis_os.o(i.osThreadCreate) for osThreadCreate
    freertos.o(i.MX_FREERTOS_Init) refers to freertos.o(.constdata) for .constdata
    freertos.o(i.MX_FREERTOS_Init) refers to freertos.o(.data) for defaultTaskHandle
    freertos.o(i.StartDefaultTask) refers to cmsis_os.o(i.osDelay) for osDelay
    freertos.o(i.Startdebug) refers to cmsis_os.o(i.osDelay) for osDelay
    freertos.o(i.chassis_task) refers to cmsis_os.o(i.osDelay) for osDelay
    freertos.o(i.track_scan) refers to cmsis_os.o(i.osDelay) for osDelay
    freertos.o(i.usmartscan) refers to cmsis_os.o(i.osDelay) for osDelay
    freertos.o(i.vApplicationGetIdleTaskMemory) refers to freertos.o(.bss) for xIdleTaskTCBBuffer
    freertos.o(.constdata) refers to freertos.o(.conststring) for .conststring
    freertos.o(.constdata) refers to freertos.o(i.StartDefaultTask) for StartDefaultTask
    freertos.o(.constdata) refers to debug_task.o(i.Startdebug) for Startdebug
[...]
    vListInitialise                          0x0800bc21   Thumb Code    26  list.o(i.vListInitialise)
    vListInitialiseItem                      0x0800bc3b   Thumb Code     6  list.o(i.vListInitialiseItem)
    vListInsert                              0x0800bc41   Thumb Code    52  list.o(i.vListInsert)
    vListInsertEnd                           0x0800bc75   Thumb Code    24  list.o(i.vListInsertEnd)
    vPortEnterCritical                       0x0800bc8d   Thumb Code    84  port.o(i.vPortEnterCritical)
    vPortExitCritical                        0x0800bce9   Thumb Code    60  port.o(i.vPortExitCritical)
    vPortFree                                0x0800bd29   Thumb Code   148  heap_4.o(i.vPortFree)
    vPortSetupTimerInterrupt                 0x0800bdc5   Thumb Code    36  port.o(i.vPortSetupTimerInterrupt)
    vPortValidateInterruptPriority           0x0800bded   Thumb Code   114  port.o(i.vPortValidateInterruptPriority)
    vTaskDelay                               0x0800be6d   Thumb Code    86  tasks.o(i.vTaskDelay)
    vTaskDelete                              0x0800becd   Thumb Code   206  tasks.o(i.vTaskDelete)
    vTaskInternalSetTimeOutState             0x0800bfc5   Thumb Code    14  tasks.o(i.vTaskInternalSetTimeOutState)
    vTaskMissedYield                         0x0800bfdd   Thumb Code     8  tasks.o(i.vTaskMissedYield)
    vTaskPlaceOnEventList                    0x0800bfe9   Thumb Code    56  tasks.o(i.vTaskPlaceOnEventList)
    vTaskStartScheduler                      0x0800c025   Thumb Code   154  tasks.o(i.vTaskStartScheduler)
    vTaskSuspendAll                          0x0800c0dd   Thumb Code    12  tasks.o(i.vTaskSuspendAll)
    vTaskSwitchContext                       0x0800c0ed   Thumb Code   122  tasks.o(i.vTaskSwitchContext)
    w_speed_set                              0x0800c17d   Thumb Code    30  chassis.o(i.w_speed_set)
    xPortStartScheduler                      0x0800c1a1   Thumb Code   252  port.o(i.xPortStartScheduler)
    xQueueGenericCreate                      0x0800c2b5   Thumb Code   100  queue.o(i.xQueueGenericCreate)
    xQueueGenericReset                       0x0800c319   Thumb Code   150  queue.o(i.xQueueGenericReset)
    xQueueGenericSend                        0x0800c3b5   Thumb Code   436  queue.o(i.xQueueGenericSend)
    xQueueGenericSendFromISR                 0x0800c56d   Thumb Code   264  queue.o(i.xQueueGenericSendFromISR)
    xQueueReceiveFromISR                     0x0800c675   Thumb Code   214  queue.o(i.xQueueReceiveFromISR)
    xTaskCheckForTimeOut                     0x0800c74d   Thumb Code   140  tasks.o(i.xTaskCheckForTimeOut)
    xTaskCreate                              0x0800c7e1   Thumb Code   100  tasks.o(i.xTaskCreate)
    xTaskCreateStatic                        0x0800c845   Thumb Code   198  tasks.o(i.xTaskCreateStatic)
    xTaskGetSchedulerState                   0x0800c90d   Thumb Code    24  tasks.o(i.xTaskGetSchedulerState)
    xTaskIncrementTick                       0x0800c92d   Thumb Code   286  tasks.o(i.xTaskIncrementTick)
    xTaskPriorityDisinherit                  0x0800ca79   Thumb Code   196  tasks.o(i.xTaskPriorityDisinherit)
    xTaskRemoveFromEventList                 0x0800cb49   Thumb Code   132  tasks.o(i.xTaskRemoveFromEventList)
    xTaskResumeAll                           0x0800cbe5   Thumb Code   228  tasks.o(i.xTaskResumeAll)
    __aeabi_dneg                             0x0800cced   Thumb Code     0  basic.o(x$fpl$basic)
    _dneg                                    0x0800cced   Thumb Code     6  basic.o(x$fpl$basic)
    __aeabi_fneg                             0x0800ccf3   Thumb Code     0  basic.o(x$fpl$basic)
    _fneg                                    0x0800ccf3   Thumb Code     6  basic.o(x$fpl$basic)
    _dabs                                    0x0800ccf9   Thumb Code     6  basic.o(x$fpl$basic)
    _fabs                                    0x0800ccff   Thumb Code     6  basic.o(x$fpl$basic)
    __aeabi_d2f                              0x0800cd05   Thumb Code     0  d2f.o(x$fpl$d2f)
    _d2f                                     0x0800cd05   Thumb Code    98  d2f.o(x$fpl$d2f)
    __aeabi_dadd                             0x0800cd69   Thumb Code     0  daddsub_clz.o(x$fpl$dadd)
    _dadd                                    0x0800cd69   Thumb Code   332  daddsub_clz.o(x$fpl$dadd)
    __fpl_dcmp_Inf                           0x0800ceb9   Thumb Code    24  dcmpi.o(x$fpl$dcmpinf)
    __aeabi_ddiv                             0x0800ced1   Thumb Code     0  ddiv.o(x$fpl$ddiv)
    _ddiv                                    0x0800ced1   Thumb Code   552  ddiv.o(x$fpl$ddiv)
    __aeabi_cdcmpeq                          0x0800d181   Thumb Code     0  deqf.o(x$fpl$deqf)
    _dcmpeq                                  0x0800d181   Thumb Code   120  deqf.o(x$fpl$deqf)
    __aeabi_d2iz                             0x0800d1f9   Thumb Code     0  dfix.o(x$fpl$dfix)
    _dfix                                    0x0800d1f9   Thumb Code    94  dfix.o(x$fpl$dfix)
    __aeabi_d2uiz                            0x0800d259   Thumb Code     0  dfixu.o(x$fpl$dfixu)
    _dfixu                                   0x0800d259   Thumb Code    90  dfixu.o(x$fpl$dfixu)
    __aeabi_i2d                              0x0800d2b3   Thumb Code     0  dflt_clz.o(x$fpl$dflt)
    _dflt                                    0x0800d2b3   Thumb Code    46  dflt_clz.o(x$fpl$dflt)
    __aeabi_ui2d                             0x0800d2e1   Thumb Code     0  dflt_clz.o(x$fpl$dfltu)
    _dfltu                                   0x0800d2e1   Thumb Code    38  dflt_clz.o(x$fpl$dfltu)
    __aeabi_cdcmple                          0x0800d309   Thumb Code     0  dleqf.o(x$fpl$dleqf)
    _dcmple                                  0x0800d309   Thumb Code   120  dleqf.o(x$fpl$dleqf)
    __fpl_dcmple_InfNaN                      0x0800d36b   Thumb Code     0  dleqf.o(x$fpl$dleqf)
    __aeabi_dmul                             0x0800d381   Thumb Code     0  dmul.o(x$fpl$dmul)
    _dmul                                    0x0800d381   Thumb Code   332  dmul.o(x$fpl$dmul)
    __fpl_dnaninf                            0x0800d4d5   Thumb Code   156  dnaninf.o(x$fpl$dnaninf)
    __fpl_dretinf                            0x0800d571   Thumb Code    12  dretinf.o(x$fpl$dretinf)
    __aeabi_cdrcmple                         0x0800d57d   Thumb Code     0  drleqf.o(x$fpl$drleqf)
    _drcmple                                 0x0800d57d   Thumb Code   108  drleqf.o(x$fpl$drleqf)
    __aeabi_drsub                            0x0800d5e9   Thumb Code     0  daddsub_clz.o(x$fpl$drsb)
    _drsb                                    0x0800d5e9   Thumb Code    22  daddsub_clz.o(x$fpl$drsb)
    __aeabi_dsub                             0x0800d601   Thumb Code     0  daddsub_clz.o(x$fpl$dsub)
    _dsub                                    0x0800d601   Thumb Code   464  daddsub_clz.o(x$fpl$dsub)
    __aeabi_f2d                              0x0800d7d5   Thumb Code     0  f2d.o(x$fpl$f2d)
    _f2d                                     0x0800d7d5   Thumb Code    86  f2d.o(x$fpl$f2d)
    __fpl_fnaninf                            0x0800d82b   Thumb Code   140  fnaninf.o(x$fpl$fnaninf)
    _fp_init                                 0x0800d8b7   Thumb Code    10  fpinit.o(x$fpl$fpinit)
    __fplib_config_fpu_vfp                   0x0800d8bf   Thumb Code     0  fpinit.o(x$fpl$fpinit)
    __fplib_config_pureend_doubles           0x0800d8bf   Thumb Code     0  fpinit.o(x$fpl$fpinit)
    __fpl_fretinf                            0x0800d8c1   Thumb Code    10  fretinf.o(x$fpl$fretinf)
    __I$use$fp                               0x0800d8ca   Number         0  usenofp.o(x$fpl$usenofp)
    gyroFsrTable                             0x0800d974   Data           8  atk_imu.o(.constdata)
    accFsrTable                              0x0800d97c   Data           4  atk_imu.o(.constdata)
    AHBPrescTable                            0x0800da28   Data          16  system_stm32f7xx.o(.constdata)
    APBPrescTable                            0x0800da38   Data           8  system_stm32f7xx.o(.constdata)
    Region$$Table$$Base                      0x0800df14   Number         0  anon$$obj.o(Region$$Table)
    Region$$Table$$Limit                     0x0800df34   Number         0  anon$$obj.o(Region$$Table)
    defaultTaskHandle                        0x20000000   Data           4  freertos.o(.data)
    debugtaskHandle                          0x20000004   Data           4  freertos.o(.data)
    chassisHandle                            0x20000008   Data           4  freertos.o(.data)
    track_taskHandle                         0x2000000c   Data           4  freertos.o(.data)
    usmart_taskHandle                        0x20000010   Data           4  freertos.o(.data)
    Bar_TaskHandle                           0x20000014   Data           4  freertos.o(.data)
    iostatus                                 0x20000018   Data           8  atk_imu.o(.data)
    imu901Param                              0x20000020   Data           4  atk_imu.o(.data)
    one_target                               0x20000024   Data           4  atk_imu.o(.data)
    reg_ptr                                  0x2000002c   Data           4  atk_imu.o(.data)
    imu_state                                0x20000030   Data           1  atk_imu.o(.data)
    imu                                      0x20000034   Data          24  atk_imu.o(.data)
    Handle_Flag                              0x20000050   Data           2  openmv.o(.data)
    mv_param                                 0x20000054   Data           4  openmv.o(.data)
    AcIDofBar                                0x20000058   Data           2  openmv.o(.data)
    temp_                                    0x2000005c   Data           4  openmv.o(.data)
    mv_stop_flag                             0x20000060   Data           2  openmv.o(.data)
    Disc_Count                               0x20000064   Data           4  openmv.o(.data)
    rectangle_count                          0x20000068   Data           4  openmv.o(.data)
    mv_rec                                   0x2000006c   Data           8  openmv.o(.data)
    MV                                       0x20000074   Data          36  openmv.o(.data)
    disc_countval                            0x20000098   Data           4  openmv.o(.data)
    color_val                                0x2000009c   Data           4  openmv.o(.data)
    mv_rec_flag                              0x200000ac   Data           1  servo.o(.data)
    LastID                                   0x200000ad   Data           1  servo.o(.data)
    servo_controler                          0x200000b0   Data         128  servo.o(.data)
    if_up                                    0x20000130   Data           1  servo.o(.data)
    debug_function_id                        0x20000134   Data           4  general.o(.data)
    function_param                           0x20000138   Data           4  general.o(.data)
    target_color                             0x2000013c   Data           4  general.o(.data)
    WholeGameHandle                          0x20000140   Data           4  general.o(.data)
    WholeTaskTask_Exit                       0x20000144   Data           1  general.o(.data)
    CheckQrUpdateHandle                      0x20000148   Data           4  general.o(.data)
    QrkTask_Exit                             0x2000014c   Data           1  general.o(.data)
    head_cmd                                 0x20000150   Data           4  qr_code.o(.data)
    tail_cmd                                 0x20000154   Data           4  qr_code.o(.data)
    Target_Color                             0x20000158   Data           1  qr_code.o(.data)
    count_QR_Times                           0x2000015c   Data           4  qr_code.o(.data)
    temp_var                                 0x20000160   Data           1  qr_code.o(.data)
    update_Qr                                0x20000164   Data           4  qr_code.o(.data)
    QR                                       0x20000168   Data          28  qr_code.o(.data)
    x_error                                  0x20000188   Data           8  chassis.o(.data)
    y_error                                  0x20000190   Data           8  chassis.o(.data)
    w_error                                  0x20000198   Data           8  chassis.o(.data)
    bar_factor                               0x200001a0   Data           4  chassis.o(.data)
    i                                        0x200001a4   Data           4  chassis.o(.data)
    speed_factor                             0x200001a8   Data           8  chassis.o(.data)
    min_val                                  0x200001b0   Data           8  chassis.o(.data)
    y_decide                                 0x200001b8   Data           1  chassis.o(.data)
    x_Leftdecide                             0x200001b9   Data           1  chassis.o(.data)
    x_Rightdecide                            0x200001ba   Data           1  chassis.o(.data)
    F_Light                                  0x200001bc   Data           4  chassis.o(.data)
    L_Light                                  0x200001c0   Data           4  chassis.o(.data)
    R_Light                                  0x200001c4   Data           4  chassis.o(.data)
    Radius_                                  0x200001c8   Data          20  chassis.o(.data)
    time_count                               0x200001dc   Data           2  chassis.o(.data)
    debug_motor_id                           0x200001f8   Data           4  motor.o(.data)
    switch_status                            0x200001fc   Data           4  motor.o(.data)
    debug_speed                              0x20000200   Data           4  motor.o(.data)
    begin_status                             0x20000204   Data           4  motor.o(.data)
    id                                       0x20000208   Data           4  motor.o(.data)
    param_                                   0x2000020c   Data          20  motor.o(.data)
    param1_                                  0x20000220   Data          20  motor.o(.data)
    Go_Handle                                0x20000234   Data           4  motor.o(.data)
    TIME_ISR_CNT                             0x2000023c   Data           4  time_cnt.o(.data)
    Time_Sys                                 0x20000240   Data           8  time_cnt.o(.data)
    tim6_tick                                0x20000248   Data           4  time_cnt.o(.data)
    buzzer                                   0x2000024c   Data           4  time_cnt.o(.data)
    USART_RX_STA                             0x20000254   Data           2  uart_handle.o(.data)
    rec_count                                0x20000258   Data           4  uart_handle.o(.data)
    tx_queue                                 0x2000025c   Data           4  uart_handle.o(.data)
    __stdout                                 0x20000260   Data           4  uart_handle.o(.data)
    SW_rec                                   0x20000264   Data           2  track_bar_receive.o(.data)
    HW_rec                                   0x20000266   Data           2  track_bar_receive.o(.data)
    US_data_H                                0x2000026c   Data           4  track_bar_receive.o(.data)
    US_data_L                                0x20000270   Data           4  track_bar_receive.o(.data)
    US_data                                  0x20000274   Data           4  track_bar_receive.o(.data)
    US_data_H2                               0x20000278   Data           4  track_bar_receive.o(.data)
    US_data_L2                               0x2000027c   Data           4  track_bar_receive.o(.data)
    US_data2                                 0x20000280   Data           4  track_bar_receive.o(.data)
    dma_count                                0x20000284   Data           4  track_bar_receive.o(.data)
    times_counts                             0x20000288   Data           4  track_bar_receive.o(.data)
    count_avoid                              0x2000028c   Data           4  track_bar_receive.o(.data)
    SW_head                                  0x20000290   Data           1  track_bar_receive.o(.data)
    SW_right                                 0x20000291   Data           1  track_bar_receive.o(.data)
    SW_left                                  0x20000292   Data           1  track_bar_receive.o(.data)
    SW_end                                   0x20000293   Data           1  track_bar_receive.o(.data)
    track_weight                             0x20000294   Data          32  track_bar_receive.o(.data)
    rec_data                                 0x200002b4   Data           1  track_bar_receive.o(.data)
    now_id                                   0x200002b5   Data           1  track_bar_receive.o(.data)
    track_pid_param                          0x200002b8   Data          20  track_bar_receive.o(.data)
    Track_Row                                0x200002cc   Data         188  track_bar_receive.o(.data)
    BeeTaskHandle                            0x20000388   Data           4  track_bar_receive.o(.data)
    bee_wenwenwen                            0x2000038c   Data           1  track_bar_receive.o(.data)
    imu_para                                 0x20000390   Data          20  imu_pid.o(.data)
    delta                                    0x200003a4   Data           4  imu_pid.o(.data)
    if_completed                             0x200003a8   Data           4  imu_pid.o(.data)
    raw_data                                 0x200003b0   Data           2  avoid_obs.o(.data)
    distance                                 0x200003b2   Data           2  avoid_obs.o(.data)
    encoder_sum                              0x200003b8   Data           8  tim_control.o(.data)
    temp_sum                                 0x200003c0   Data           8  tim_control.o(.data)
    count_                                   0x200003c8   Data           4  tim_control.o(.data)
    time                                     0x200003d0   Data           4  chassis_control.o(.data)
    encoder_factor                           0x200003d8   Data           8  chassis_control.o(.data)
    dir                                      0x200003e0   Data           4  chassis_control.o(.data)
    lines                                    0x200003e4   Data           4  chassis_control.o(.data)
    en_dir                                   0x200003e8   Data           4  chassis_control.o(.data)
    en_val                                   0x200003ec   Data           4  chassis_control.o(.data)
    boo_num                                  0x200003f0   Data           4  chassis_control.o(.data)
    boo_dir                                  0x200003f4   Data           4  chassis_control.o(.data)
    count_line_status                        0x200003f8   Data           4  chassis_control.o(.data)
    encodermove_status                       0x200003fc   Data           4  chassis_control.o(.data)
    booo_status                              0x20000400   Data           4  chassis_control.o(.data)
    bias                                     0x20000408   Data           8  chassis_control.o(.data)
    variation                                0x20000410   Data           8  chassis_control.o(.data)
    home_back                                0x20000418   Data           1  chassis_control.o(.data)
    far_flag                                 0x2000041c   Data           4  chassis_control.o(.data)
    Line_Handle                              0x20000420   Data           4  chassis_control.o(.data)
    Boo_Handle                               0x20000424   Data           4  chassis_control.o(.data)
    Encoder_Handle                           0x20000428   Data           4  chassis_control.o(.data)
    Os_RunningFlag                           0x20000440   Data           4  debug_task.o(.data)
    cmd                                      0x20000444   Data           3  debug_task.o(.data)
    if_debug_finished                        0x20000447   Data           1  debug_task.o(.data)
    GameTaskHandle                           0x20000448   Data           4  debug_task.o(.data)
    GameTaskTask_Exit                        0x2000044c   Data           1  debug_task.o(.data)
    Read_Swicth_tasHandle                    0x20000454   Data           4  read_status_task.o(.data)
    Height_UpadteTask                        0x20000458   Data           4  read_status_task.o(.data)
    Height_Mode                              0x2000045c   Data           1  read_status_task.o(.data)
    Current_Height                           0x2000045d   Data           1  read_status_task.o(.data)
    Current_Color                            0x2000045e   Data           1  read_status_task.o(.data)
    Time_constant_before                     0x20000460   Data           4  read_status_task.o(.data)
    Time_constant_after                      0x20000464   Data           4  read_status_task.o(.data)
    Height_id                                0x20000468   Data           4  read_status_task.o(.data)
    read_task_exit                           0x2000046c   Data           4  read_status_task.o(.data)
    Height_task_exit                         0x20000470   Data           4  read_status_task.o(.data)
    Height_Flag                              0x20000474   Data           2  read_status_task.o(.data)
    QR_Brick                                 0x20000476   Data           1  read_status_task.o(.data)
    MIN_                                     0x20000478   Data           4  read_status_task.o(.data)
    VERTICAL                                 0x2000047c   Data           4  read_status_task.o(.data)
    MIN_SPEED                                0x20000480   Data           4  read_status_task.o(.data)
    update_finish                            0x20000484   Data           1  read_status_task.o(.data)
    HeightAvailable                          0x20000485   Data           1  read_status_task.o(.data)
    usmart_nametab                           0x2000048c   Data         184  usmart_config.o(.data)
    usmart_dev                               0x20000544   Data         244  usmart_config.o(.data)
    sys_cmd_tab                              0x20000638   Data          28  usmart.o(.data)
    SystemCoreClock                          0x20000654   Data           4  system_stm32f7xx.o(.data)
    uwTick                                   0x20000658   Data           4  stm32f7xx_hal.o(.data)
    uwTickPrio                               0x2000065c   Data           4  stm32f7xx_hal.o(.data)
    uwTickFreq                               0x20000660   Data           1  stm32f7xx_hal.o(.data)
    pxCurrentTCB                             0x20000664   Data           4  tasks.o(.data)
    htim1                                    0x20000918   Data          76  tim.o(.bss)
    htim2                                    0x20000964   Data          76  tim.o(.bss)
    htim3                                    0x200009b0   Data          76  tim.o(.bss)
    htim5                                    0x200009fc   Data          76  tim.o(.bss)
    htim6                                    0x20000a48   Data          76  tim.o(.bss)
    huart4                                   0x20000a94   Data         132  usart.o(.bss)
    huart5                                   0x20000b18   Data         132  usart.o(.bss)
    huart7                                   0x20000b9c   Data         132  usart.o(.bss)
    huart8                                   0x20000c20   Data         132  usart.o(.bss)
    huart1                                   0x20000ca4   Data         132  usart.o(.bss)
    huart2                                   0x20000d28   Data         132  usart.o(.bss)
    huart3                                   0x20000dac   Data         132  usart.o(.bss)
    huart6                                   0x20000e30   Data         132  usart.o(.bss)
    htim7                                    0x20000eb4   Data          76  stm32f7xx_hal_timebase_tim.o(.bss)
    attitude                                 0x20000f00   Data          12  atk_imu.o(.bss)
    quaternion                               0x20000f0c   Data          16  atk_imu.o(.bss)
    gyroAccData                              0x20000f1c   Data          36  atk_imu.o(.bss)
    rxPacket                                 0x20000f40   Data          33  atk_imu.o(.bss)
    imu_cmd                                  0x20000f61   Data          12  atk_imu.o(.bss)
    chassis                                  0x20000f70   Data          32  chassis.o(.bss)
    motor_target                             0x20000f90   Data          20  chassis.o(.bss)
    control_val                              0x20000fa4   Data          20  chassis.o(.bss)
    motor_data                               0x20000fb8   Data         300  motor.o(.bss)
    motor_param                              0x200010e4   Data          20  motor.o(.bss)
    motor_param1                             0x200010f8   Data          20  motor.o(.bss)
    motor1                                   0x2000110c   Data          32  motor.o(.bss)
    motor2                                   0x2000112c   Data          32  motor.o(.bss)
    motor3                                   0x2000114c   Data          32  motor.o(.bss)
    motor4                                   0x2000116c   Data          32  motor.o(.bss)
    USART_RX_BUF                             0x200011d8   Data         200  uart_handle.o(.bss)
    sys_time                                 0x200012a0   Data          12  delay.o(.bss)
    SW_data                                  0x200012ac   Data          36  track_bar_receive.o(.bss)
    HW_data                                  0x200012d0   Data          16  track_bar_receive.o(.bss)
    y_bar                                    0x200012e0   Data          68  track_bar_receive.o(.bss)
    x_leftbar                                0x20001324   Data          68  track_bar_receive.o(.bss)
    x_rightbar                               0x20001368   Data          68  track_bar_receive.o(.bss)
    Boo                                      0x200013ac   Data          64  track_bar_receive.o(.bss)
    HW                                       0x200013ec   Data          64  track_bar_receive.o(.bss)
    SW                                       0x2000142c   Data          64  track_bar_receive.o(.bss)
    Boo2                                     0x2000146c   Data          64  track_bar_receive.o(.bss)
    imu_data                                 0x200014ac   Data          60  imu_pid.o(.bss)
    anglekeep_data                           0x200014e8   Data          60  imu_pid.o(.bss)
    encoder_val                              0x20001548   Data          40  tim_control.o(.bss)
    status_flag                              0x20001570   Data          10  tim_control.o(.bss)
    rising_val                               0x2000157c   Data          20  tim_control.o(.bss)
    falling_val                              0x20001590   Data          20  tim_control.o(.bss)
    direct_                                  0x200015a4   Data          20  tim_control.o(.bss)
    update_count                             0x200015b8   Data          20  tim_control.o(.bss)
    cap_temp_val                             0x200015d0   Data          40  tim_control.o(.bss)
    cap_cnt                                  0x200015f8   Data          10  tim_control.o(.bss)
    first_flag                               0x20001604   Data          20  tim_control.o(.bss)
    num_cnt                                  0x20001618   Data          20  tim_control.o(.bss)
    edge_status                              0x2000162c   Data          12  chassis_control.o(.bss)
    swicth_status                            0x20001638   Data          16  read_status_task.o(.bss)
    HW_Switch                                0x20001648   Data          20  read_status_task.o(.bss)
    __libspace_start                         0x2000534c   Data          96  libspace.o(.bss)
    __temporary_stack_top$libspace           0x200053ac   Data           0  libspace.o(.bss)



==============================================================================

Memory Map of the image

  Image Entry point : 0x080001c9

  Load Region LR_IROM1 (Base: 0x08000000, Size: 0x0000e5f8, Max: 0x00010000, ABSOLUTE, COMPRESSED[0x0000e0b8])

    Execution Region ER_IROM1 (Exec base: 0x08000000, Load base: 0x08000000, Size: 0x0000df34, Max: 0x00010000, ABSOLUTE)

    Exec Addr    Load Addr    Size         Type   Attr      Idx    E Section Name        Object

    0x08000000   0x08000000   0x000001c8   Data   RO         3394    RESET               startup_stm32f750xx.o
    0x080001c8   0x080001c8   0x00000008   Code   RO         7983  * !!!main             c_w.l(__main.o)
    0x080001d0   0x080001d0   0x00000034   Code   RO         8319    !!!scatter          c_w.l(__scatter.o)
    0x08000204   0x08000204   0x0000005a   Code   RO         8317    !!dczerorl2         c_w.l(__dczerorl2.o)
    0x0800025e   0x0800025e   0x00000002   PAD
    0x08000260   0x08000260   0x0000001c   Code   RO         8321    !!handler_zi        c_w.l(__scatter_zi.o)
    0x0800027c   0x0800027c   0x00000000   Code   RO         7968    .ARM.Collect$$_printf_percent$$00000000  c_w.l(_printf_percent.o)
    0x0800027c   0x0800027c   0x00000006   Code   RO         7965    .ARM.Collect$$_printf_percent$$00000009  c_w.l(_printf_d.o)
    0x08000282   0x08000282   0x00000006   Code   RO         7966    .ARM.Collect$$_printf_percent$$0000000A  c_w.l(_printf_u.o)
    0x08000288   0x08000288   0x00000006   Code   RO         7964    .ARM.Collect$$_printf_percent$$0000000C  c_w.l(_printf_x.o)
    0x0800028e   0x0800028e   0x00000006   Code   RO         7962    .ARM.Collect$$_printf_percent$$00000013  c_w.l(_printf_c.o)
    0x08000294   0x08000294   0x00000006   Code   RO         7963    .ARM.Collect$$_printf_percent$$00000014  c_w.l(_printf_s.o)
    0x0800029a   0x0800029a   0x00000004   Code   RO         8072    .ARM.Collect$$_printf_percent$$00000017  c_w.l(_printf_percent_end.o)
    0x0800029e   0x0800029e   0x00000002   Code   RO         8192    .ARM.Collect$$libinit$$00000000  c_w.l(libinit.o)
    0x080002a0   0x080002a0   0x00000004   Code   RO         8193    .ARM.Collect$$libinit$$00000001  c_w.l(libinit2.o)
    0x080002a4   0x080002a4   0x00000000   Code   RO         8196    .ARM.Collect$$libinit$$00000004  c_w.l(libinit2.o)
    0x080002a4   0x080002a4   0x00000000   Code   RO         8199    .ARM.Collect$$libinit$$0000000A  c_w.l(libinit2.o)
    0x080002a4   0x080002a4   0x00000000   Code   RO         8201    .ARM.Collect$$libinit$$0000000C  c_w.l(libinit2.o)
    0x080002a4   0x080002a4   0x00000000   Code   RO         8203    .ARM.Collect$$libinit$$0000000E  c_w.l(libinit2.o)
    0x080002a4   0x080002a4   0x00000000   Code   RO         8206    .ARM.Collect$$libinit$$00000011  c_w.l(libinit2.o)
    0x080002a4   0x080002a4   0x00000000   Code   RO         8208    .ARM.Collect$$libinit$$00000013  c_w.l(libinit2.o)
    0x080002a4   0x080002a4   0x00000000   Code   RO         8210    .ARM.Collect$$libinit$$00000015  c_w.l(libinit2.o)
    0x080002a4   0x080002a4   0x00000000   Code   RO         8212    .ARM.Collect$$libinit$$00000017  c_w.l(libinit2.o)
    0x080002a4   0x080002a4   0x00000000   Code   RO         8214    .ARM.Collect$$libinit$$00000019  c_w.l(libinit2.o)
    0x080002a4   0x080002a4   0x00000000   Code   RO         8216    .ARM.Collect$$libinit$$0000001B  c_w.l(libinit2.o)
    0x080002a4   0x080002a4   0x00000000   Code   RO         8218    .ARM.Collect$$libinit$$0000001D  c_w.l(libinit2.o)
    0x080002a4   0x080002a4   0x00000000   Code   RO         8220    .ARM.Collect$$libinit$$0000001F  c_w.l(libinit2.o)
    0x080002a4   0x080002a4   0x00000000   Code   RO         8222    .ARM.Collect$$libinit$$00000021  c_w.l(libinit2.o)
    0x080002a4   0x080002a4   0x00000000   Code   RO         8224    .ARM.Collect$$libinit$$00000023  c_w.l(libinit2.o)
    0x080002a4   0x080002a4   0x00000000   Code   RO         8226    .ARM.Collect$$libinit$$00000025  c_w.l(libinit2.o)
    0x080002a4   0x080002a4   0x00000000   Code   RO         8230    .ARM.Collect$$libinit$$0000002C  c_w.l(libinit2.o)
    0x080002a4   0x080002a4   0x00000000   Code   RO         8232    .ARM.Collect$$libinit$$0000002E  c_w.l(libinit2.o)
    0x080002a4   0x080002a4   0x00000000   Code   RO         8234    .ARM.Collect$$libinit$$00000030  c_w.l(libinit2.o)
    0x080002a4   0x080002a4   0x00000000   Code   RO         8236    .ARM.Collect$$libinit$$00000032  c_w.l(libinit2.o)
    0x080002a4   0x080002a4   0x00000002   Code   RO         8237    .ARM.Collect$$libinit$$00000033  c_w.l(libinit2.o)
    0x080002a6   0x080002a6   0x00000002   Code   RO         8279    .ARM.Collect$$libshutdown$$00000000  c_w.l(libshutdown.o)
    0x080002a8   0x080002a8   0x00000000   Code   RO         8298    .ARM.Collect$$libshutdown$$00000002  c_w.l(libshutdown2.o)
    0x080002a8   0x080002a8   0x00000000   Code   RO         8300    .ARM.Collect$$libshutdown$$00000004  c_w.l(libshutdown2.o)
    0x080002a8   0x080002a8   0x00000000   Code   RO         8302    .ARM.Collect$$libshutdown$$00000006  c_w.l(libshutdown2.o)
    0x080002a8   0x080002a8   0x00000000   Code   RO         8305    .ARM.Collect$$libshutdown$$00000009  c_w.l(libshutdown2.o)
    0x080002a8   0x080002a8   0x00000000   Code   RO         8308    .ARM.Collect$$libshutdown$$0000000C  c_w.l(libshutdown2.o)
    0x080002a8   0x080002a8   0x00000000   Code   RO         8310    .ARM.Collect$$libshutdown$$0000000E  c_w.l(libshutdown2.o)
    0x080002a8   0x080002a8   0x00000000   Code   RO         8313    .ARM.Collect$$libshutdown$$00000011  c_w.l(libshutdown2.o)
    0x080002a8   0x080002a8   0x00000002   Code   RO         8314    .ARM.Collect$$libshutdown$$00000012  c_w.l(libshutdown2.o)
    0x080002aa   0x080002aa   0x00000000   Code   RO         8057    .ARM.Collect$$rtentry$$00000000  c_w.l(__rtentry.o)
    0x080002aa   0x080002aa   0x00000000   Code   RO         8104    .ARM.Collect$$rtentry$$00000002  c_w.l(__rtentry2.o)
    0x080002aa   0x080002aa   0x00000006   Code   RO         8116    .ARM.Collect$$rtentry$$00000004  c_w.l(__rtentry4.o)
    0x080002b0   0x080002b0   0x00000000   Code   RO         8106    .ARM.Collect$$rtentry$$00000009  c_w.l(__rtentry2.o)
    0x080002b0   0x080002b0   0x00000004   Code   RO         8107    .ARM.Collect$$rtentry$$0000000A  c_w.l(__rtentry2.o)
    0x080002b4   0x080002b4   0x00000000   Code   RO         8109    .ARM.Collect$$rtentry$$0000000C  c_w.l(__rtentry2.o)
    0x080002b4   0x080002b4   0x00000008   Code   RO         8110    .ARM.Collect$$rtentry$$0000000D  c_w.l(__rtentry2.o)
    0x080002bc   0x080002bc   0x00000002   Code   RO         8238    .ARM.Collect$$rtexit$$00000000  c_w.l(rtexit.o)
    0x080002be   0x080002be   0x00000000   Code   RO         8251    .ARM.Collect$$rtexit$$00000002  c_w.l(rtexit2.o)
    0x080002be   0x080002be   0x00000004   Code   RO         8252    .ARM.Collect$$rtexit$$00000003  c_w.l(rtexit2.o)
    0x080002c2   0x080002c2   0x00000006   Code   RO         8253    .ARM.Collect$$rtexit$$00000004  c_w.l(rtexit2.o)
    0x080002c8   0x080002c8   0x000000c2   Code   RO         7802    .emb_text           port.o
    0x0800038a   0x0800038a   0x00000002   PAD
    0x0800038c   0x0800038c   0x00000040   Code   RO         3395    .text               startup_stm32f750xx.o
    0x080003cc   0x080003cc   0x00000002   Code   RO         7905    .text               c_w.l(use_no_semi_2.o)
    0x080003ce   0x080003ce   0x000000ee   Code   RO         7907    .text               c_w.l(lludivv7m.o)
    0x080004bc   0x080004bc   0x00000018   Code   RO         7911    .text               c_w.l(noretval__2printf.o)
    0x080004d4   0x080004d4   0x0000004e   Code   RO         7915    .text               c_w.l(_printf_pad.o)
    0x08000522   0x08000522   0x00000052   Code   RO         7917    .text               c_w.l(_printf_str.o)
    0x08000574   0x08000574   0x00000078   Code   RO         7919    .text               c_w.l(_printf_dec.o)
    0x080005ec   0x080005ec   0x00000058   Code   RO         7924    .text               c_w.l(_printf_hex_int.o)
    0x08000644   0x08000644   0x00000188   Code   RO         7959    .text               c_w.l(__printf_flags_ss_wp.o)
    0x080007cc   0x080007cc   0x0000008a   Code   RO         7969    .text               c_w.l(rt_memcpy_v6.o)
    0x08000856   0x08000856   0x00000064   Code   RO         7971    .text               c_w.l(rt_memcpy_w.o)
    0x080008ba   0x080008ba   0x00000010   Code   RO         7975    .text               c_w.l(aeabi_memset.o)
    0x080008ca   0x080008ca   0x00000044   Code   RO         7977    .text               c_w.l(rt_memclr.o)
    0x0800090e   0x0800090e   0x0000004e   Code   RO         7979    .text               c_w.l(rt_memclr_w.o)
    0x0800095c   0x0800095c   0x00000006   Code   RO         7981    .text               c_w.l(heapauxi.o)
    0x08000962   0x08000962   0x00000002   Code   RO         8055    .text               c_w.l(use_no_semi.o)
    0x08000964   0x08000964   0x000000b2   Code   RO         8064    .text               c_w.l(_printf_intcommon.o)
    0x08000a16   0x08000a16   0x0000002c   Code   RO         8068    .text               c_w.l(_printf_char.o)
    0x08000a42   0x08000a42   0x00000002   PAD
    0x08000a44   0x08000a44   0x00000024   Code   RO         8070    .text               c_w.l(_printf_char_file.o)
    0x08000a68   0x08000a68   0x00000030   Code   RO         8132    .text               c_w.l(_printf_char_common.o)
    0x08000a98   0x08000a98   0x00000008   Code   RO         8161    .text               c_w.l(ferror.o)
    0x08000aa0   0x08000aa0   0x00000008   Code   RO         8172    .text               c_w.l(libspace.o)
    0x08000aa8   0x08000aa8   0x0000004a   Code   RO         8175    .text               c_w.l(sys_stackheap_outer.o)
    0x08000af2   0x08000af2   0x00000012   Code   RO         8179    .text               c_w.l(exit.o)
    0x08000b04   0x08000b04   0x00000038   Code   RO          750    i.ATK_IMU_Init      atk_imu.o
    0x08000b3c   0x08000b3c   0x00000058   Code   RO         1052    i.Action_Gruop      servo.o
    0x08000b94   0x08000b94   0x000000a8   Code   RO         2436    i.BOO_Begin         chassis_control.o
    0x08000c3c   0x08000c3c   0x0000004c   Code   RO         2047    i.BarTextTask       track_bar_receive.o
    0x08000c88   0x08000c88   0x00000138   Code   RO         2437    i.BooTask           chassis_control.o
    0x08000dc0   0x08000dc0   0x00000004   Code   RO          544    i.BusFault_Handler  stm32f7xx_it.o
    0x08000dc4   0x08000dc4   0x000003ac   Code   RO         2049    i.Chassis_decode    track_bar_receive.o
    0x08001170   0x08001170   0x0000000e   Code   RO         2050    i.Clear_Boo         track_bar_receive.o
    0x0800117e   0x0800117e   0x00000002   PAD
    0x08001180   0x08001180   0x00000014   Code   RO         2051    i.Clear_HWCount     track_bar_receive.o
    0x08001194   0x08001194   0x00000008   Code   RO         2052    i.Clear_Line        track_bar_receive.o
    0x0800119c   0x0800119c   0x00000074   Code   RO         1055    i.Cmd_Convert       servo.o
    0x08001210   0x08001210   0x00000104   Code   RO         2438    i.Comfirm_Online    chassis_control.o
    0x08001314   0x08001314   0x0000003c   Code   RO         7882    i.CountBar_Test     general_interface.o
    0x08001350   0x08001350   0x00000002   Code   RO          545    i.DebugMon_Handler  stm32f7xx_it.o
    0x08001352   0x08001352   0x00000002   PAD
    0x08001354   0x08001354   0x0000000c   Code   RO         1057    i.Disable_ServoFlag  servo.o
    0x08001360   0x08001360   0x00000078   Code   RO          858    i.Disc_Report       openmv.o
    0x080013d8   0x080013d8   0x00000010   Code   RO          546    i.EXTI15_10_IRQHandler  stm32f7xx_it.o
    0x080013e8   0x080013e8   0x0000000c   Code   RO         1058    i.Enable_ServoFlag  servo.o
    0x080013f4   0x080013f4   0x0000000c   Code   RO          859    i.Enable_StopSignal  openmv.o
    0x08001400   0x08001400   0x000003bc   Code   RO         2439    i.EncoderTask       chassis_control.o
    0x080017bc   0x080017bc   0x00000006   Code   RO            4    i.Error_Handler     main.o
    0x080017c2   0x080017c2   0x00000002   PAD
    0x080017c4   0x080017c4   0x0000005c   Code   RO         1059    i.Error_Report      servo.o
    0x08001820   0x08001820   0x00000058   Code   RO         2055    i.Get_AvaibleRow_ID  track_bar_receive.o
    0x08001878   0x08001878   0x00000040   Code   RO         2059    i.Get_EmptyRow_ID   track_bar_receive.o
    0x080018b8   0x080018b8   0x0000000c   Code   RO         2793    i.Get_Height        read_status_task.o
    0x080018c4   0x080018c4   0x0000000c   Code   RO         2794    i.Get_HeightAvailable  read_status_task.o
    0x080018d0   0x080018d0   0x0000001c   Code   RO         2795    i.Get_Height_Switch  read_status_task.o
    0x080018ec   0x080018ec   0x0000000c   Code   RO         2061    i.Get_HwBarCount    track_bar_receive.o
    0x080018f8   0x080018f8   0x0000000c   Code   RO         2440    i.Get_IfBackHome    chassis_control.o
    0x08001904   0x08001904   0x0000000c   Code   RO          861    i.Get_MV_Mode       openmv.o
    0x08001910   0x08001910   0x00000024   Code   RO         2062    i.Get_SW            track_bar_receive.o
    0x08001934   0x08001934   0x0000000c   Code   RO         1061    i.Get_Servo_Flag    servo.o
    0x08001940   0x08001940   0x0000002c   Code   RO         2797    i.Get_Switch_Status  read_status_task.o
    0x0800196c   0x0800196c   0x0000000c   Code   RO         1205    i.Get_TargetColor   general.o
    0x08001978   0x08001978   0x00000048   Code   RO         1883    i.Get_Time_Period   time_cnt.o
    0x080019c0   0x080019c0   0x00000006   Code   RO         2064    i.Get_Trcker_Num    track_bar_receive.o
    0x080019c6   0x080019c6   0x00000002   PAD
    0x080019c8   0x080019c8   0x0000000c   Code   RO         2065    i.Get_US_NUM        track_bar_receive.o
    0x080019d4   0x080019d4   0x00000008   Code   RO         2066    i.Get_Uint8_Transform  track_bar_receive.o
    0x080019dc   0x080019dc   0x00000028   Code   RO          754    i.Get_Yaw           atk_imu.o
    0x08001a04   0x08001a04   0x00000040   Code   RO         1725    i.GoTask            motor.o
    0x08001a44   0x08001a44   0x000000aa   Code   RO         4000    i.HAL_DMA_Abort     stm32f7xx_hal_dma.o
    0x08001aee   0x08001aee   0x00000028   Code   RO         4001    i.HAL_DMA_Abort_IT  stm32f7xx_hal_dma.o
    0x08001b16   0x08001b16   0x00000002   PAD
    0x08001b18   0x08001b18   0x00000028   Code   RO         4367    i.HAL_Delay         stm32f7xx_hal.o
    0x08001b40   0x08001b40   0x00000002   Code   RO         3932    i.HAL_GPIO_EXTI_Callback  stm32f7xx_hal_gpio.o
    0x08001b42   0x08001b42   0x00000002   PAD
    0x08001b44   0x08001b44   0x0000001c   Code   RO         3933    i.HAL_GPIO_EXTI_IRQHandler  stm32f7xx_hal_gpio.o
    0x08001b60   0x08001b60   0x00000218   Code   RO         3934    i.HAL_GPIO_Init     stm32f7xx_hal_gpio.o
    0x08001d78   0x08001d78   0x00000010   Code   RO         3936    i.HAL_GPIO_ReadPin  stm32f7xx_hal_gpio.o
    0x08001d88   0x08001d88   0x0000000c   Code   RO         3938    i.HAL_GPIO_WritePin  stm32f7xx_hal_gpio.o
    0x08001d94   0x08001d94   0x0000000c   Code   RO         4375    i.HAL_GetTick       stm32f7xx_hal.o
    0x08001da0   0x08001da0   0x00000018   Code   RO         4381    i.HAL_IncTick       stm32f7xx_hal.o
    0x08001db8   0x08001db8   0x00000028   Code   RO         4382    i.HAL_Init          stm32f7xx_hal.o
    0x08001de0   0x08001de0   0x00000088   Code   RO          711    i.HAL_InitTick      stm32f7xx_hal_timebase_tim.o
    0x08001e68   0x08001e68   0x0000004c   Code   RO          687    i.HAL_MspInit       stm32f7xx_hal_msp.o
    0x08001eb4   0x08001eb4   0x00000020   Code   RO         3407    i.HAL_NVIC_EnableIRQ  stm32f7xx_hal_cortex.o
    0x08001ed4   0x08001ed4   0x0000007c   Code   RO         3413    i.HAL_NVIC_SetPriority  stm32f7xx_hal_cortex.o
    0x08001f50   0x08001f50   0x00000028   Code   RO         3414    i.HAL_NVIC_SetPriorityGrouping  stm32f7xx_hal_cortex.o
    0x08001f78   0x08001f78   0x00000090   Code   RO         4274    i.HAL_PWREx_EnableOverDrive  stm32f7xx_hal_pwr_ex.o
    0x08002008   0x08002008   0x000006e4   Code   RO         3650    i.HAL_RCCEx_PeriphCLKConfig  stm32f7xx_hal_rcc_ex.o
    0x080026ec   0x080026ec   0x00000194   Code   RO         3543    i.HAL_RCC_ClockConfig  stm32f7xx_hal_rcc.o
    0x08002880   0x08002880   0x00000044   Code   RO         3547    i.HAL_RCC_GetClockConfig  stm32f7xx_hal_rcc.o
    0x080028c4   0x080028c4   0x0000000c   Code   RO         3548    i.HAL_RCC_GetHCLKFreq  stm32f7xx_hal_rcc.o
    0x080028d0   0x080028d0   0x00000020   Code   RO         3550    i.HAL_RCC_GetPCLK1Freq  stm32f7xx_hal_rcc.o
    0x080028f0   0x080028f0   0x00000020   Code   RO         3551    i.HAL_RCC_GetPCLK2Freq  stm32f7xx_hal_rcc.o
    0x08002910   0x08002910   0x000000b0   Code   RO         3552    i.HAL_RCC_GetSysClockFreq  stm32f7xx_hal_rcc.o
    0x080029c0   0x080029c0   0x00000504   Code   RO         3555    i.HAL_RCC_OscConfig  stm32f7xx_hal_rcc.o
    0x08002ec4   0x08002ec4   0x00000002   Code   RO         5861    i.HAL_TIMEx_Break2Callback  stm32f7xx_hal_tim_ex.o
    0x08002ec6   0x08002ec6   0x00000002   Code   RO         5862    i.HAL_TIMEx_BreakCallback  stm32f7xx_hal_tim_ex.o
    0x08002ec8   0x08002ec8   0x00000002   Code   RO         5863    i.HAL_TIMEx_CommutCallback  stm32f7xx_hal_tim_ex.o
    0x08002eca   0x08002eca   0x00000002   PAD
    0x08002ecc   0x08002ecc   0x000000b4   Code   RO         5865    i.HAL_TIMEx_ConfigBreakDeadTime  stm32f7xx_hal_tim_ex.o
    0x08002f80   0x08002f80   0x000000cc   Code   RO         5882    i.HAL_TIMEx_MasterConfigSynchronization  stm32f7xx_hal_tim_ex.o
    0x0800304c   0x0800304c   0x0000006e   Code   RO         5136    i.HAL_TIM_Base_Init  stm32f7xx_hal_tim.o
    0x080030ba   0x080030ba   0x00000002   PAD
    0x080030bc   0x080030bc   0x000000a8   Code   RO          377    i.HAL_TIM_Base_MspInit  tim.o
    0x08003164   0x08003164   0x000000a8   Code   RO         5139    i.HAL_TIM_Base_Start  stm32f7xx_hal_tim.o
    0x0800320c   0x0800320c   0x000000b4   Code   RO         5141    i.HAL_TIM_Base_Start_IT  stm32f7xx_hal_tim.o
    0x080032c0   0x080032c0   0x0000010c   Code   RO         5145    i.HAL_TIM_ConfigClockSource  stm32f7xx_hal_tim.o
    0x080033cc   0x080033cc   0x00001078   Code   RO         2399    i.HAL_TIM_IC_CaptureCallback  tim_control.o
    0x08004444   0x08004444   0x000000d4   Code   RO         5172    i.HAL_TIM_IC_ConfigChannel  stm32f7xx_hal_tim.o
    0x08004518   0x08004518   0x0000006e   Code   RO         5175    i.HAL_TIM_IC_Init   stm32f7xx_hal_tim.o
    0x08004586   0x08004586   0x00000002   PAD
    0x08004588   0x08004588   0x00000138   Code   RO          379    i.HAL_TIM_IC_MspInit  tim.o
    0x080046c0   0x080046c0   0x000001c0   Code   RO         5180    i.HAL_TIM_IC_Start_IT  stm32f7xx_hal_tim.o
    0x08004880   0x08004880   0x000001b8   Code   RO         5184    i.HAL_TIM_IRQHandler  stm32f7xx_hal_tim.o
    0x08004a38   0x08004a38   0x000000dc   Code   RO          380    i.HAL_TIM_MspPostInit  tim.o
    0x08004b14   0x08004b14   0x00000002   Code   RO         5187    i.HAL_TIM_OC_DelayElapsedCallback  stm32f7xx_hal_tim.o
    0x08004b16   0x08004b16   0x00000168   Code   RO         5208    i.HAL_TIM_PWM_ConfigChannel  stm32f7xx_hal_tim.o
    0x08004c7e   0x08004c7e   0x0000006e   Code   RO         5211    i.HAL_TIM_PWM_Init  stm32f7xx_hal_tim.o
    0x08004cec   0x08004cec   0x00000002   Code   RO         5213    i.HAL_TIM_PWM_MspInit  stm32f7xx_hal_tim.o
    0x08004cee   0x08004cee   0x00000002   Code   RO         5214    i.HAL_TIM_PWM_PulseFinishedCallback  stm32f7xx_hal_tim.o
    0x08004cf0   0x08004cf0   0x00000144   Code   RO         5216    i.HAL_TIM_PWM_Start  stm32f7xx_hal_tim.o
    0x08004e34   0x08004e34   0x0000001c   Code   RO            5    i.HAL_TIM_PeriodElapsedCallback  main.o
    0x08004e50   0x08004e50   0x00000032   Code   RO         5224    i.HAL_TIM_ReadCapturedValue  stm32f7xx_hal_tim.o
    0x08004e82   0x08004e82   0x00000002   Code   RO         5227    i.HAL_TIM_TriggerCallback  stm32f7xx_hal_tim.o
    0x08004e84   0x08004e84   0x00000002   Code   RO         6149    i.HAL_UARTEx_RxEventCallback  stm32f7xx_hal_uart.o
    0x08004e86   0x08004e86   0x00000002   Code   RO         6165    i.HAL_UART_ErrorCallback  stm32f7xx_hal_uart.o
    0x08004e88   0x08004e88   0x000002a4   Code   RO         6168    i.HAL_UART_IRQHandler  stm32f7xx_hal_uart.o
    0x0800512c   0x0800512c   0x00000074   Code   RO         6169    i.HAL_UART_Init     stm32f7xx_hal_uart.o
    0x080051a0   0x080051a0   0x000003fc   Code   RO          461    i.HAL_UART_MspInit  usart.o
    0x0800559c   0x0800559c   0x000000d2   Code   RO         6178    i.HAL_UART_Transmit  stm32f7xx_hal_uart.o
    0x0800566e   0x0800566e   0x00000002   Code   RO         6181    i.HAL_UART_TxCpltCallback  stm32f7xx_hal_uart.o
    0x08005670   0x08005670   0x00000004   Code   RO          547    i.HardFault_Handler  stm32f7xx_it.o
    0x08005674   0x08005674   0x00000260   Code   RO         2800    i.HeightUpdate_Task  read_status_task.o
    0x080058d4   0x080058d4   0x0000002c   Code   RO          755    i.IMU_IRQ           atk_imu.o
    0x08005900   0x08005900   0x00000002   Code   RO         2801    i.Inf_Servo_Height  read_status_task.o
    0x08005902   0x08005902   0x00000002   PAD
    0x08005904   0x08005904   0x00000030   Code   RO         2441    i.Limit_Speed       chassis_control.o
    0x08005934   0x08005934   0x00000128   Code   RO         2442    i.LineTask          chassis_control.o
    0x08005a5c   0x08005a5c   0x00000294   Code   RO          864    i.MV_Decode         openmv.o
    0x08005cf0   0x08005cf0   0x0000009c   Code   RO          865    i.MV_IRQ            openmv.o
    0x08005d8c   0x08005d8c   0x00000030   Code   RO          870    i.MV_SendCmd        openmv.o
    0x08005dbc   0x08005dbc   0x00000012   Code   RO          872    i.MV_Start          openmv.o
    0x08005dce   0x08005dce   0x00000012   Code   RO          873    i.MV_Stop           openmv.o
    0x08005de0   0x08005de0   0x00000074   Code   RO          874    i.MV_rec_decode     openmv.o
    0x08005e54   0x08005e54   0x000000b4   Code   RO          294    i.MX_FREERTOS_Init  freertos.o
    0x08005f08   0x08005f08   0x000001f4   Code   RO          269    i.MX_GPIO_Init      gpio.o
    0x080060fc   0x080060fc   0x00000118   Code   RO          381    i.MX_TIM1_Init      tim.o
    0x08006214   0x08006214   0x000000d4   Code   RO          382    i.MX_TIM2_Init      tim.o
    0x080062e8   0x080062e8   0x00000088   Code   RO          383    i.MX_TIM3_Init      tim.o
    0x08006370   0x08006370   0x00000088   Code   RO          384    i.MX_TIM5_Init      tim.o
    0x080063f8   0x080063f8   0x0000004c   Code   RO          385    i.MX_TIM6_Init      tim.o
    0x08006444   0x08006444   0x00000044   Code   RO          462    i.MX_UART4_Init     usart.o
    0x08006488   0x08006488   0x00000044   Code   RO          463    i.MX_UART5_Init     usart.o
    0x080064cc   0x080064cc   0x00000044   Code   RO          464    i.MX_UART7_Init     usart.o
    0x08006510   0x08006510   0x00000040   Code   RO          465    i.MX_UART8_Init     usart.o
    0x08006550   0x08006550   0x00000044   Code   RO          466    i.MX_USART1_UART_Init  usart.o
    0x08006594   0x08006594   0x00000044   Code   RO          467    i.MX_USART2_UART_Init  usart.o
    0x080065d8   0x080065d8   0x00000044   Code   RO          468    i.MX_USART3_UART_Init  usart.o
    0x0800661c   0x0800661c   0x00000044   Code   RO          469    i.MX_USART6_UART_Init  usart.o
    0x08006660   0x08006660   0x00000100   Code   RO         2400    i.MY_PeriodElapsedCallback  tim_control.o
    0x08006760   0x08006760   0x00000004   Code   RO          548    i.MemManage_Handler  stm32f7xx_it.o
    0x08006764   0x08006764   0x00000048   Code   RO         1726    i.Motor_PID1_Init   motor.o
    0x080067ac   0x080067ac   0x00000048   Code   RO         1727    i.Motor_PID_Init    motor.o
    0x080067f4   0x080067f4   0x00000004   Code   RO          549    i.NMI_Handler       stm32f7xx_it.o
    0x080067f8   0x080067f8   0x00000014   Code   RO          875    i.OpenMV_ChangeRoi  openmv.o
    0x0800680c   0x0800680c   0x000001bc   Code   RO         1345    i.QR_decode         qr_code.o
    0x080069c8   0x080069c8   0x000000b8   Code   RO         1346    i.QR_receive        qr_code.o
    0x08006a80   0x08006a80   0x000001d0   Code   RO         2807    i.Read_Swicth       read_status_task.o
    0x08006c50   0x08006c50   0x0000000c   Code   RO         1347    i.Return_QRMode     qr_code.o
    0x08006c5c   0x08006c5c   0x000000c4   Code   RO         1064    i.ServoInfBack_IRQ  servo.o
    0x08006d20   0x08006d20   0x00000010   Code   RO         1066    i.Servo_Rx_Deinit   servo.o
    0x08006d30   0x08006d30   0x00000054   Code   RO         1067    i.Servo_Uart_Send   servo.o
    0x08006d84   0x08006d84   0x00000010   Code   RO         1348    i.SetUpdateQR       qr_code.o
    0x08006d94   0x08006d94   0x0000000c   Code   RO         2812    i.Set_HeightAvailable  read_status_task.o
    0x08006da0   0x08006da0   0x0000000c   Code   RO          756    i.Set_IMUFinishedInf  atk_imu.o
    0x08006dac   0x08006dac   0x0000000c   Code   RO          757    i.Set_IMUStatus     atk_imu.o
    0x08006db8   0x08006db8   0x000000dc   Code   RO          758    i.Set_InitYaw       atk_imu.o
    0x08006e94   0x08006e94   0x0000000c   Code   RO          877    i.Set_MV_Mode       openmv.o
    0x08006ea0   0x08006ea0   0x0000000c   Code   RO         1349    i.Set_QR_Status     qr_code.o
    0x08006eac   0x08006eac   0x0000000a   Code   RO          295    i.StartDefaultTask  freertos.o
    0x08006eb6   0x08006eb6   0x00000002   PAD
    0x08006eb8   0x08006eb8   0x00000050   Code   RO         2819    i.Start_Read_Switch  read_status_task.o
    0x08006f08   0x08006f08   0x00000008   Code   RO         2580    i.Startdebug        debug_task.o
    0x08006f10   0x08006f10   0x00000038   Code   RO         7803    i.SysTick_Handler   port.o
    0x08006f48   0x08006f48   0x000000e4   Code   RO            6    i.SystemClock_Config  main.o
    0x0800702c   0x0800702c   0x00000014   Code   RO         3359    i.SystemInit        system_stm32f7xx.o
    0x08007040   0x08007040   0x000000d8   Code   RO         1884    i.T6_IRQHandler     time_cnt.o
    0x08007118   0x08007118   0x00000010   Code   RO          550    i.TIM1_UP_TIM10_IRQHandler  stm32f7xx_it.o
    0x08007128   0x08007128   0x00000010   Code   RO          551    i.TIM3_IRQHandler   stm32f7xx_it.o
    0x08007138   0x08007138   0x00000010   Code   RO          552    i.TIM5_IRQHandler   stm32f7xx_it.o
    0x08007148   0x08007148   0x00000014   Code   RO          553    i.TIM6_DAC_IRQHandler  stm32f7xx_it.o
    0x0800715c   0x0800715c   0x00000010   Code   RO          554    i.TIM7_IRQHandler   stm32f7xx_it.o
    0x0800716c   0x0800716c   0x000000d8   Code   RO         5229    i.TIM_Base_SetConfig  stm32f7xx_hal_tim.o
    0x08007244   0x08007244   0x00000022   Code   RO         5230    i.TIM_CCxChannelCmd  stm32f7xx_hal_tim.o
    0x08007266   0x08007266   0x00000016   Code   RO         5240    i.TIM_ETR_SetConfig  stm32f7xx_hal_tim.o
    0x0800727c   0x0800727c   0x00000012   Code   RO         5241    i.TIM_ITRx_SetConfig  stm32f7xx_hal_tim.o
    0x0800728e   0x0800728e   0x00000002   PAD
    0x08007290   0x08007290   0x00000074   Code   RO         5242    i.TIM_OC1_SetConfig  stm32f7xx_hal_tim.o
    0x08007304   0x08007304   0x00000080   Code   RO         5243    i.TIM_OC2_SetConfig  stm32f7xx_hal_tim.o
    0x08007384   0x08007384   0x0000007c   Code   RO         5244    i.TIM_OC3_SetConfig  stm32f7xx_hal_tim.o
    0x08007400   0x08007400   0x00000058   Code   RO         5245    i.TIM_OC4_SetConfig  stm32f7xx_hal_tim.o
    0x08007458   0x08007458   0x00000050   Code   RO         5246    i.TIM_OC5_SetConfig  stm32f7xx_hal_tim.o
    0x080074a8   0x080074a8   0x00000054   Code   RO         5247    i.TIM_OC6_SetConfig  stm32f7xx_hal_tim.o
    0x080074fc   0x080074fc   0x00000026   Code   RO         5249    i.TIM_TI1_ConfigInputStage  stm32f7xx_hal_tim.o
    0x08007522   0x08007522   0x00000002   PAD
    0x08007524   0x08007524   0x00000090   Code   RO         5250    i.TIM_TI1_SetConfig  stm32f7xx_hal_tim.o
    0x080075b4   0x080075b4   0x00000028   Code   RO         5251    i.TIM_TI2_ConfigInputStage  stm32f7xx_hal_tim.o
    0x080075dc   0x080075dc   0x0000003a   Code   RO         5252    i.TIM_TI2_SetConfig  stm32f7xx_hal_tim.o
    0x08007616   0x08007616   0x00000038   Code   RO         5253    i.TIM_TI3_SetConfig  stm32f7xx_hal_tim.o
    0x0800764e   0x0800764e   0x0000003c   Code   RO         5254    i.TIM_TI4_SetConfig  stm32f7xx_hal_tim.o
    0x0800768a   0x0800768a   0x00000002   PAD
    0x0800768c   0x0800768c   0x000000fc   Code   RO         2067    i.Track_RX_IRQ      track_bar_receive.o
    0x08007788   0x08007788   0x000000dc   Code   RO         2261    i.Turn_angle        imu_pid.o
    0x08007864   0x08007864   0x00000104   Code   RO         1944    i.U1_IRQHandler     uart_handle.o
    0x08007968   0x08007968   0x00000014   Code   RO          555    i.UART4_IRQHandler  stm32f7xx_it.o
    0x0800797c   0x0800797c   0x00000014   Code   RO          556    i.UART5_IRQHandler  stm32f7xx_it.o
    0x08007990   0x08007990   0x000000f8   Code   RO         6183    i.UART_AdvFeatureConfig  stm32f7xx_hal_uart.o
    0x08007a88   0x08007a88   0x0000004c   Code   RO         6184    i.UART_CheckIdleState  stm32f7xx_hal_uart.o
    0x08007ad4   0x08007ad4   0x00000018   Code   RO         6185    i.UART_DMAAbortOnError  stm32f7xx_hal_uart.o
    0x08007aec   0x08007aec   0x00000036   Code   RO         6195    i.UART_EndRxTransfer  stm32f7xx_hal_uart.o
    0x08007b22   0x08007b22   0x00000020   Code   RO         6196    i.UART_EndTransmit_IT  stm32f7xx_hal_uart.o
    0x08007b42   0x08007b42   0x00000002   PAD
    0x08007b44   0x08007b44   0x0000033c   Code   RO         6200    i.UART_SetConfig    stm32f7xx_hal_uart.o
    0x08007e80   0x08007e80   0x000000b6   Code   RO         6205    i.UART_WaitOnFlagUntilTimeout  stm32f7xx_hal_uart.o
    0x08007f36   0x08007f36   0x00000002   PAD
    0x08007f38   0x08007f38   0x00000014   Code   RO          557    i.USART1_IRQHandler  stm32f7xx_it.o
    0x08007f4c   0x08007f4c   0x00000014   Code   RO          558    i.USART2_IRQHandler  stm32f7xx_it.o
    0x08007f60   0x08007f60   0x00000014   Code   RO          559    i.USART3_IRQHandler  stm32f7xx_it.o
    0x08007f74   0x08007f74   0x00000014   Code   RO          560    i.USART6_IRQHandler  stm32f7xx_it.o
    0x08007f88   0x08007f88   0x0000009c   Code   RO            7    i.USER_Init         main.o
    0x08008024   0x08008024   0x00000030   Code   RO         2068    i.Update_TRckerCounter  track_bar_receive.o
    0x08008054   0x08008054   0x00000010   Code   RO          878    i.Update_rectangle_count  openmv.o
    0x08008064   0x08008064   0x00000004   Code   RO          561    i.UsageFault_Handler  stm32f7xx_it.o
    0x08008068   0x08008068   0x00000086   Code   RO         2444    i.Wait_OKInf        chassis_control.o
    0x080080ee   0x080080ee   0x00000002   PAD
    0x080080f0   0x080080f0   0x000001d4   Code   RO         2821    i.Wait_Switches     read_status_task.o
    0x080082c4   0x080082c4   0x00000010   Code   RO         3420    i.__NVIC_GetPriorityGrouping  stm32f7xx_hal_cortex.o
    0x080082d4   0x080082d4   0x00000028   Code   RO         3421    i.__NVIC_SetPriority  stm32f7xx_hal_cortex.o
    0x080082fc   0x080082fc   0x00000014   Code   RO         8037    i.__hardfp_fabs     m_wm.l(fabs.o)
    0x08008310   0x08008310   0x0000000e   Code   RO         7952    i._is_digit         c_w.l(__printf_wp.o)
    0x0800831e   0x0800831e   0x00000004   Code   RO         1945    i._sys_exit         uart_handle.o
    0x08008322   0x08008322   0x00000002   PAD
    0x08008324   0x08008324   0x0000002c   Code   RO         2069    i.all_data_clear    track_bar_receive.o
    0x08008350   0x08008350   0x0000006c   Code   RO          759    i.angle_limit       atk_imu.o
    0x080083bc   0x080083bc   0x000002d8   Code   RO          760    i.atkpParsing       atk_imu.o
    0x08008694   0x08008694   0x00000094   Code   RO         2328    i.avoid_callback    avoid_obs.o
    0x08008728   0x08008728   0x000000a8   Code   RO         1728    i.begin_all         motor.o
    0x080087d0   0x080087d0   0x000006e4   Code   RO         1447    i.chassis_synthetic_control  chassis.o
    0x08008eb4   0x08008eb4   0x0000000e   Code   RO         2675    i.chassis_task      chassis_task.o
    0x08008ec2   0x08008ec2   0x00000002   PAD
    0x08008ec4   0x08008ec4   0x000003a0   Code   RO         1729    i.clear_motor_data  motor.o
    0x08009264   0x08009264   0x00000050   Code   RO          879    i.cmd_encode        openmv.o
    0x080092b4   0x080092b4   0x00000038   Code   RO         2070    i.count_bar         track_bar_receive.o
    0x080092ec   0x080092ec   0x00000020   Code   RO         2005    i.delay_init        delay.o
    0x0800930c   0x0800930c   0x000000d4   Code   RO         2446    i.direct_move       chassis_control.o
    0x080093e0   0x080093e0   0x00000050   Code   RO         2330    i.distance_convert  avoid_obs.o
    0x08009430   0x08009430   0x00000070   Code   RO         1946    i.fputc             uart_handle.o
    0x080094a0   0x080094a0   0x0000000c   Code   RO         2447    i.get_Boomove_status  chassis_control.o
    0x080094ac   0x080094ac   0x0000000c   Code   RO         2448    i.get_count_line_status  chassis_control.o
    0x080094b8   0x080094b8   0x0000000c   Code   RO         2450    i.get_enocdermove_status  chassis_control.o
    0x080094c4   0x080094c4   0x00000168   Code   RO         1730    i.get_motor_channelA_ptr  motor.o
    0x0800962c   0x0800962c   0x00000168   Code   RO         1731    i.get_motor_channelB_ptr  motor.o
    0x08009794   0x08009794   0x0000000c   Code   RO         2262    i.get_turn_status   imu_pid.o
    0x080097a0   0x080097a0   0x0000003c   Code   RO         2071    i.go_HW             track_bar_receive.o
    0x080097dc   0x080097dc   0x00000030   Code   RO         2072    i.go_sw             track_bar_receive.o
    0x0800980c   0x0800980c   0x000001d0   Code   RO         1732    i.go_two_bar        motor.o
    0x080099dc   0x080099dc   0x00000030   Code   RO         1733    i.go_warehouse      motor.o
    0x08009a0c   0x08009a0c   0x0000000c   Code   RO         2581    i.if_OsRunning      debug_task.o
    0x08009a18   0x08009a18   0x00000104   Code   RO          762    i.imu901_unpack     atk_imu.o
    0x08009b1c   0x08009b1c   0x000001e8   Code   RO         2263    i.imu_correct_val   imu_pid.o
    0x08009d04   0x08009d04   0x00000050   Code   RO            8    i.main              main.o
    0x08009d54   0x08009d54   0x0000000e   Code   RO         7374    i.makeFreeRtosPriority  cmsis_os.o
    0x08009d62   0x08009d62   0x00000002   PAD
    0x08009d64   0x08009d64   0x0000003c   Code   RO         1734    i.motor_debug       motor.o
    0x08009da0   0x08009da0   0x000001b4   Code   RO         1735    i.motor_init        motor.o
    0x08009f54   0x08009f54   0x000000c4   Code   RO         2452    i.move_by_encoder   chassis_control.o
    0x0800a018   0x0800a018   0x00000018   Code   RO         7376    i.osDelay           cmsis_os.o
    0x0800a030   0x0800a030   0x0000000a   Code   RO         7379    i.osKernelStart     cmsis_os.o
    0x0800a03a   0x0800a03a   0x0000005e   Code   RO         7413    i.osThreadCreate    cmsis_os.o
    0x0800a098   0x0800a098   0x00000028   Code   RO         3114    i.pid_clear         pid.o
    0x0800a0c0   0x0800a0c0   0x00000178   Code   RO         3115    i.pid_control       pid.o
    0x0800a238   0x0800a238   0x000000ee   Code   RO         3116    i.pos_pid_cal       pid.o
    0x0800a326   0x0800a326   0x00000002   PAD
    0x0800a328   0x0800a328   0x00000018   Code   RO         1947    i.printf_init       uart_handle.o
    0x0800a340   0x0800a340   0x00000098   Code   RO         7051    i.prvAddCurrentTaskToDelayedList  tasks.o
    0x0800a3d8   0x0800a3d8   0x000000b4   Code   RO         7052    i.prvAddNewTaskToReadyList  tasks.o
    0x0800a48c   0x0800a48c   0x00000048   Code   RO         7053    i.prvCheckTasksWaitingTermination  tasks.o
    0x0800a4d4   0x0800a4d4   0x0000002a   Code   RO         6726    i.prvCopyDataFromQueue  queue.o
    0x0800a4fe   0x0800a4fe   0x0000007e   Code   RO         6727    i.prvCopyDataToQueue  queue.o
    0x0800a57c   0x0800a57c   0x00000054   Code   RO         7054    i.prvDeleteTCB      tasks.o
    0x0800a5d0   0x0800a5d0   0x0000007c   Code   RO         7741    i.prvHeapInit       heap_4.o
    0x0800a64c   0x0800a64c   0x00000028   Code   RO         7055    i.prvIdleTask       tasks.o
    0x0800a674   0x0800a674   0x00000026   Code   RO         6730    i.prvInitialiseNewQueue  queue.o
    0x0800a69a   0x0800a69a   0x000000b8   Code   RO         7056    i.prvInitialiseNewTask  tasks.o
    0x0800a752   0x0800a752   0x00000002   PAD
    0x0800a754   0x0800a754   0x00000068   Code   RO         7057    i.prvInitialiseTaskLists  tasks.o
    0x0800a7bc   0x0800a7bc   0x00000068   Code   RO         7742    i.prvInsertBlockIntoFreeList  heap_4.o
    0x0800a824   0x0800a824   0x0000001e   Code   RO         6732    i.prvIsQueueFull    queue.o
    0x0800a842   0x0800a842   0x00000002   PAD
    0x0800a844   0x0800a844   0x00000034   Code   RO         7058    i.prvResetNextTaskUnblockTime  tasks.o
    0x0800a878   0x0800a878   0x00000048   Code   RO         7804    i.prvTaskExitError  port.o
    0x0800a8c0   0x0800a8c0   0x0000007e   Code   RO         6733    i.prvUnlockQueue    queue.o
    0x0800a93e   0x0800a93e   0x00000002   PAD
    0x0800a940   0x0800a940   0x00000148   Code   RO         7743    i.pvPortMalloc      heap_4.o
    0x0800aa88   0x0800aa88   0x0000002c   Code   RO         7805    i.pxPortInitialiseStack  port.o
    0x0800aab4   0x0800aab4   0x00000034   Code   RO         1736    i.read_encoder      motor.o
    0x0800aae8   0x0800aae8   0x0000000c   Code   RO         1449    i.set_chassis_status  chassis.o
    0x0800aaf4   0x0800aaf4   0x00000014   Code   RO         1737    i.set_debug_motor   motor.o
    0x0800ab08   0x0800ab08   0x00000014   Code   RO         1738    i.set_debug_speed   motor.o
    0x0800ab1c   0x0800ab1c   0x0000008c   Code   RO         2265    i.set_imu_param     imu_pid.o
    0x0800aba8   0x0800aba8   0x00000014   Code   RO         2266    i.set_imu_status    imu_pid.o
    0x0800abbc   0x0800abbc   0x00000058   Code   RO         1739    i.set_motor         motor.o
    0x0800ac14   0x0800ac14   0x0000002c   Code   RO         1740    i.set_motor_maxparam  motor.o
    0x0800ac40   0x0800ac40   0x00000068   Code   RO         1742    i.set_motor_pid     motor.o
    0x0800aca8   0x0800aca8   0x00000068   Code   RO         1743    i.set_motor_pid1    motor.o
    0x0800ad10   0x0800ad10   0x00000038   Code   RO         1450    i.set_speed         chassis.o
    0x0800ad48   0x0800ad48   0x00000084   Code   RO         2073    i.set_track_pid     track_bar_receive.o
    0x0800adcc   0x0800adcc   0x00000088   Code   RO         2074    i.track_bar_init    track_bar_receive.o
    0x0800ae54   0x0800ae54   0x00000024   Code   RO         2075    i.track_pid_cal     track_bar_receive.o
    0x0800ae78   0x0800ae78   0x0000003c   Code   RO         2722    i.track_scan        track_task.o
    0x0800aeb4   0x0800aeb4   0x00000044   Code   RO         2076    i.track_status      track_bar_receive.o
    0x0800aef8   0x0800aef8   0x00000010   Code   RO         2077    i.turn_uint16       track_bar_receive.o
    0x0800af08   0x0800af08   0x000000b0   Code   RO         3304    i.usmart_cmd_rec    usmart.o
    0x0800afb8   0x0800afb8   0x000002cc   Code   RO         3305    i.usmart_exe        usmart.o
    0x0800b284   0x0800b284   0x000000d4   Code   RO         3213    i.usmart_get_aparm  usmart_str.o
    0x0800b358   0x0800b358   0x00000036   Code   RO         3214    i.usmart_get_cmdname  usmart_str.o
    0x0800b38e   0x0800b38e   0x00000002   PAD
    0x0800b390   0x0800b390   0x000001c0   Code   RO         3215    i.usmart_get_fname  usmart_str.o
    0x0800b550   0x0800b550   0x0000010c   Code   RO         3216    i.usmart_get_fparam  usmart_str.o
    0x0800b65c   0x0800b65c   0x00000020   Code   RO         3217    i.usmart_get_parmpos  usmart_str.o
    0x0800b67c   0x0800b67c   0x0000000c   Code   RO         3306    i.usmart_init       usmart.o
    0x0800b688   0x0800b688   0x00000016   Code   RO         3218    i.usmart_pow        usmart_str.o
    0x0800b69e   0x0800b69e   0x00000002   PAD
    0x0800b6a0   0x0800b6a0   0x000000bc   Code   RO         3307    i.usmart_scan       usmart.o
    0x0800b75c   0x0800b75c   0x00000016   Code   RO         3219    i.usmart_search_nextc  usmart_str.o
    0x0800b772   0x0800b772   0x00000106   Code   RO         3220    i.usmart_str2num    usmart_str.o
    0x0800b878   0x0800b878   0x00000022   Code   RO         3221    i.usmart_strcmp     usmart_str.o
    0x0800b89a   0x0800b89a   0x00000016   Code   RO         3222    i.usmart_strcopy    usmart_str.o
    0x0800b8b0   0x0800b8b0   0x00000018   Code   RO         3223    i.usmart_strlen     usmart_str.o
    0x0800b8c8   0x0800b8c8   0x00000304   Code   RO         3308    i.usmart_sys_cmd_exe  usmart.o
    0x0800bbcc   0x0800bbcc   0x00000014   Code   RO         2651    i.usmartscan        usmart_task.o
    0x0800bbe0   0x0800bbe0   0x00000028   Code   RO         6686    i.uxListRemove      list.o
    0x0800bc08   0x0800bc08   0x00000018   Code   RO          300    i.vApplicationGetIdleTaskMemory  freertos.o
    0x0800bc20   0x0800bc20   0x0000001a   Code   RO         6687    i.vListInitialise   list.o
    0x0800bc3a   0x0800bc3a   0x00000006   Code   RO         6688    i.vListInitialiseItem  list.o
    0x0800bc40   0x0800bc40   0x00000034   Code   RO         6689    i.vListInsert       list.o
    0x0800bc74   0x0800bc74   0x00000018   Code   RO         6690    i.vListInsertEnd    list.o
    0x0800bc8c   0x0800bc8c   0x0000005c   Code   RO         7807    i.vPortEnterCritical  port.o
    0x0800bce8   0x0800bce8   0x00000040   Code   RO         7808    i.vPortExitCritical  port.o
    0x0800bd28   0x0800bd28   0x0000009c   Code   RO         7744    i.vPortFree         heap_4.o
    0x0800bdc4   0x0800bdc4   0x00000028   Code   RO         7809    i.vPortSetupTimerInterrupt  port.o
    0x0800bdec   0x0800bdec   0x00000080   Code   RO         7810    i.vPortValidateInterruptPriority  port.o
    0x0800be6c   0x0800be6c   0x00000060   Code   RO         7066    i.vTaskDelay        tasks.o
    0x0800becc   0x0800becc   0x000000f8   Code   RO         7068    i.vTaskDelete       tasks.o
    0x0800bfc4   0x0800bfc4   0x00000018   Code   RO         7070    i.vTaskInternalSetTimeOutState  tasks.o
    0x0800bfdc   0x0800bfdc   0x0000000c   Code   RO         7071    i.vTaskMissedYield  tasks.o
    0x0800bfe8   0x0800bfe8   0x0000003c   Code   RO         7073    i.vTaskPlaceOnEventList  tasks.o
    0x0800c024   0x0800c024   0x000000b8   Code   RO         7080    i.vTaskStartScheduler  tasks.o
    0x0800c0dc   0x0800c0dc   0x00000010   Code   RO         7082    i.vTaskSuspendAll   tasks.o
    0x0800c0ec   0x0800c0ec   0x00000090   Code   RO         7083    i.vTaskSwitchContext  tasks.o
    0x0800c17c   0x0800c17c   0x00000024   Code   RO         1453    i.w_speed_set       chassis.o
    0x0800c1a0   0x0800c1a0   0x00000114   Code   RO         7811    i.xPortStartScheduler  port.o
    0x0800c2b4   0x0800c2b4   0x00000064   Code   RO         6742    i.xQueueGenericCreate  queue.o
    0x0800c318   0x0800c318   0x0000009c   Code   RO         6744    i.xQueueGenericReset  queue.o
    0x0800c3b4   0x0800c3b4   0x000001b8   Code   RO         6745    i.xQueueGenericSend  queue.o
    0x0800c56c   0x0800c56c   0x00000108   Code   RO         6746    i.xQueueGenericSendFromISR  queue.o
    0x0800c674   0x0800c674   0x000000d6   Code   RO         6753    i.xQueueReceiveFromISR  queue.o
    0x0800c74a   0x0800c74a   0x00000002   PAD
    0x0800c74c   0x0800c74c   0x00000094   Code   RO         7084    i.xTaskCheckForTimeOut  tasks.o
    0x0800c7e0   0x0800c7e0   0x00000064   Code   RO         7085    i.xTaskCreate       tasks.o
    0x0800c844   0x0800c844   0x000000c6   Code   RO         7086    i.xTaskCreateStatic  tasks.o
    0x0800c90a   0x0800c90a   0x00000002   PAD
    0x0800c90c   0x0800c90c   0x00000020   Code   RO         7090    i.xTaskGetSchedulerState  tasks.o
    0x0800c92c   0x0800c92c   0x0000014c   Code   RO         7093    i.xTaskIncrementTick  tasks.o
    0x0800ca78   0x0800ca78   0x000000d0   Code   RO         7096    i.xTaskPriorityDisinherit  tasks.o
    0x0800cb48   0x0800cb48   0x0000009c   Code   RO         7098    i.xTaskRemoveFromEventList  tasks.o
    0x0800cbe4   0x0800cbe4   0x00000108   Code   RO         7099    i.xTaskResumeAll    tasks.o
    0x0800ccec   0x0800ccec   0x00000018   Code   RO         7985    x$fpl$basic         fz_wm.l(basic.o)
    0x0800cd04   0x0800cd04   0x00000062   Code   RO         7987    x$fpl$d2f           fz_wm.l(d2f.o)
    0x0800cd66   0x0800cd66   0x00000002   PAD
    0x0800cd68   0x0800cd68   0x00000150   Code   RO         7989    x$fpl$dadd          fz_wm.l(daddsub_clz.o)
    0x0800ceb8   0x0800ceb8   0x00000018   Code   RO         8073    x$fpl$dcmpinf       fz_wm.l(dcmpi.o)
    0x0800ced0   0x0800ced0   0x000002b0   Code   RO         7996    x$fpl$ddiv          fz_wm.l(ddiv.o)
    0x0800d180   0x0800d180   0x00000078   Code   RO         7999    x$fpl$deqf          fz_wm.l(deqf.o)
    0x0800d1f8   0x0800d1f8   0x0000005e   Code   RO         8001    x$fpl$dfix          fz_wm.l(dfix.o)
    0x0800d256   0x0800d256   0x00000002   PAD
    0x0800d258   0x0800d258   0x0000005a   Code   RO         8005    x$fpl$dfixu         fz_wm.l(dfixu.o)
    0x0800d2b2   0x0800d2b2   0x0000002e   Code   RO         8010    x$fpl$dflt          fz_wm.l(dflt_clz.o)
    0x0800d2e0   0x0800d2e0   0x00000026   Code   RO         8009    x$fpl$dfltu         fz_wm.l(dflt_clz.o)
    0x0800d306   0x0800d306   0x00000002   PAD
    0x0800d308   0x0800d308   0x00000078   Code   RO         8015    x$fpl$dleqf         fz_wm.l(dleqf.o)
    0x0800d380   0x0800d380   0x00000154   Code   RO         8017    x$fpl$dmul          fz_wm.l(dmul.o)
    0x0800d4d4   0x0800d4d4   0x0000009c   Code   RO         8075    x$fpl$dnaninf       fz_wm.l(dnaninf.o)
    0x0800d570   0x0800d570   0x0000000c   Code   RO         8077    x$fpl$dretinf       fz_wm.l(dretinf.o)
    0x0800d57c   0x0800d57c   0x0000006c   Code   RO         8019    x$fpl$drleqf        fz_wm.l(drleqf.o)
    0x0800d5e8   0x0800d5e8   0x00000016   Code   RO         7990    x$fpl$drsb          fz_wm.l(daddsub_clz.o)
    0x0800d5fe   0x0800d5fe   0x00000002   PAD
    0x0800d600   0x0800d600   0x000001d4   Code   RO         7991    x$fpl$dsub          fz_wm.l(daddsub_clz.o)
    0x0800d7d4   0x0800d7d4   0x00000056   Code   RO         8021    x$fpl$f2d           fz_wm.l(f2d.o)
    0x0800d82a   0x0800d82a   0x0000008c   Code   RO         8079    x$fpl$fnaninf       fz_wm.l(fnaninf.o)
    0x0800d8b6   0x0800d8b6   0x0000000a   Code   RO         8248    x$fpl$fpinit        fz_wm.l(fpinit.o)
    0x0800d8c0   0x0800d8c0   0x0000000a   Code   RO         8081    x$fpl$fretinf       fz_wm.l(fretinf.o)
    0x0800d8ca   0x0800d8ca   0x00000000   Code   RO         8083    x$fpl$usenofp       fz_wm.l(usenofp.o)
    0x0800d8ca   0x0800d8ca   0x00000002   PAD
    0x0800d8cc   0x0800d8cc   0x000000a8   Data   RO          302    .constdata          freertos.o
    0x0800d974   0x0800d974   0x0000000c   Data   RO          764    .constdata          atk_imu.o
    0x0800d980   0x0800d980   0x0000001c   Data   RO         1746    .constdata          motor.o
    0x0800d99c   0x0800d99c   0x00000054   Data   RO         2455    .constdata          chassis_control.o
    0x0800d9f0   0x0800d9f0   0x00000038   Data   RO         2824    .constdata          read_status_task.o
    0x0800da28   0x0800da28   0x00000018   Data   RO         3360    .constdata          system_stm32f7xx.o
    0x0800da40   0x0800da40   0x00000028   Data   RO         7925    .constdata          c_w.l(_printf_hex_int.o)
    0x0800da68   0x0800da68   0x00000011   Data   RO         7960    .constdata          c_w.l(__printf_flags_ss_wp.o)
    0x0800da79   0x0800da79   0x00000003   PAD
    0x0800da7c   0x0800da7c   0x00000044   Data   RO          303    .conststring        freertos.o
    0x0800dac0   0x0800dac0   0x00000008   Data   RO         1747    .conststring        motor.o
    0x0800dac8   0x0800dac8   0x00000021   Data   RO         2456    .conststring        chassis_control.o
    0x0800dae9   0x0800dae9   0x00000003   PAD
    0x0800daec   0x0800daec   0x00000024   Data   RO         2825    .conststring        read_status_task.o
    0x0800db10   0x0800db10   0x0000038c   Data   RO         3156    .conststring        usmart_config.o
    0x0800de9c   0x0800de9c   0x00000078   Data   RO         3310    .conststring        usmart.o
    0x0800df14   0x0800df14   0x00000020   Data   RO         8315    Region$$Table       anon$$obj.o


    Execution Region RW_IRAM1 (Exec base: 0x20000000, Load base: 0x0800df34, Size: 0x000059b0, Max: 0x00050000, ABSOLUTE, COMPRESSED[0x00000184])

    Exec Addr    Load Addr    Size         Type   Attr      Idx    E Section Name        Object

    0x20000000   COMPRESSED   0x00000018   Data   RW          304    .data               freertos.o
    0x20000018   COMPRESSED   0x00000037   Data   RW          765    .data               atk_imu.o
    0x2000004f   COMPRESSED   0x00000001   PAD
    0x20000050   COMPRESSED   0x0000005c   Data   RW          880    .data               openmv.o
    0x200000ac   COMPRESSED   0x00000088   Data   RW         1071    .data               servo.o
    0x20000134   COMPRESSED   0x00000019   Data   RW         1220    .data               general.o
    0x2000014d   COMPRESSED   0x00000003   PAD
    0x20000150   COMPRESSED   0x00000036   Data   RW         1353    .data               qr_code.o
    0x20000186   COMPRESSED   0x00000002   PAD
    0x20000188   COMPRESSED   0x00000070   Data   RW         1455    .data               chassis.o
    0x200001f8   COMPRESSED   0x00000044   Data   RW         1748    .data               motor.o
    0x2000023c   COMPRESSED   0x00000016   Data   RW         1886    .data               time_cnt.o
    0x20000252   COMPRESSED   0x00000002   PAD
    0x20000254   COMPRESSED   0x00000010   Data   RW         1949    .data               uart_handle.o
    0x20000264   COMPRESSED   0x0000012b   Data   RW         2081    .data               track_bar_receive.o
    0x2000038f   COMPRESSED   0x00000001   PAD
    0x20000390   COMPRESSED   0x00000020   Data   RW         2268    .data               imu_pid.o
    0x200003b0   COMPRESSED   0x00000005   Data   RW         2333    .data               avoid_obs.o
    0x200003b5   COMPRESSED   0x00000003   PAD
    0x200003b8   COMPRESSED   0x00000014   Data   RW         2402    .data               tim_control.o
    0x200003cc   COMPRESSED   0x00000004   PAD
    0x200003d0   COMPRESSED   0x00000070   Data   RW         2457    .data               chassis_control.o
    0x20000440   COMPRESSED   0x0000000d   Data   RW         2584    .data               debug_task.o
    0x2000044d   COMPRESSED   0x00000003   PAD
    0x20000450   COMPRESSED   0x00000004   Data   RW         2723    .data               track_task.o
    0x20000454   COMPRESSED   0x00000038   Data   RW         2826    .data               read_status_task.o
    0x2000048c   COMPRESSED   0x000001ac   Data   RW         3157    .data               usmart_config.o
    0x20000638   COMPRESSED   0x0000001c   Data   RW         3311    .data               usmart.o
    0x20000654   COMPRESSED   0x00000004   Data   RW         3361    .data               system_stm32f7xx.o
    0x20000658   COMPRESSED   0x00000009   Data   RW         4389    .data               stm32f7xx_hal.o
    0x20000661   COMPRESSED   0x00000003   PAD
    0x20000664   COMPRESSED   0x0000003c   Data   RW         7102    .data               tasks.o
    0x200006a0   COMPRESSED   0x00000018   Data   RW         7749    .data               heap_4.o
    0x200006b8   COMPRESSED   0x0000000c   Data   RW         7812    .data               port.o
    0x200006c4        -       0x00000254   Zero   RW          301    .bss                freertos.o
    0x20000918        -       0x0000017c   Zero   RW          386    .bss                tim.o
    0x20000a94        -       0x00000420   Zero   RW          470    .bss                usart.o
    0x20000eb4        -       0x0000004c   Zero   RW          714    .bss                stm32f7xx_hal_timebase_tim.o
    0x20000f00        -       0x0000006d   Zero   RW          763    .bss                atk_imu.o
    0x20000f6d   COMPRESSED   0x00000003   PAD
    0x20000f70        -       0x00000048   Zero   RW         1454    .bss                chassis.o
    0x20000fb8        -       0x000001d4   Zero   RW         1745    .bss                motor.o
    0x2000118c        -       0x0000004c   Zero   RW         1885    .bss                time_cnt.o
    0x200011d8        -       0x000000c8   Zero   RW         1948    .bss                uart_handle.o
    0x200012a0        -       0x0000000c   Zero   RW         2008    .bss                delay.o
    0x200012ac        -       0x00000200   Zero   RW         2078    .bss                track_bar_receive.o
    0x200014ac        -       0x00000078   Zero   RW         2267    .bss                imu_pid.o
    0x20001524        -       0x00000024   Zero   RW         2332    .bss                avoid_obs.o
    0x20001548        -       0x000000e4   Zero   RW         2401    .bss                tim_control.o
    0x2000162c        -       0x0000000c   Zero   RW         2454    .bss                chassis_control.o
    0x20001638        -       0x00000024   Zero   RW         2823    .bss                read_status_task.o
    0x2000165c        -       0x000000f0   Zero   RW         7101    .bss                tasks.o
    0x2000174c        -       0x00003c00   Zero   RW         7748    .bss                heap_4.o
    0x2000534c        -       0x00000060   Zero   RW         8173    .bss                c_w.l(libspace.o)
    0x200053ac   COMPRESSED   0x00000004   PAD
    0x200053b0        -       0x00000200   Zero   RW         3393    HEAP                startup_stm32f750xx.o
    0x200055b0        -       0x00000400   Zero   RW         3392    STACK               startup_stm32f750xx.o


==============================================================================

Image component sizes


      Code (inc. data)   RO Data    RW Data    ZI Data      Debug   Object Name

      1480        118         12         55        109       7732   atk_imu.o
       228         52          0          5         36       2039   avoid_obs.o
      1868        186          0        112         72     733802   chassis.o
      2630        388        117        112         12      15261   chassis_control.o
        14          0          0          0          0        495   chassis_task.o
       142          0          0          0          0      22655   cmsis_os.o
        20          6          0         13          0       2932   debug_task.o
        32          4          0          0         12       1404   delay.o
         0          0          0          0          0      18764   event_groups.o
       214         40        236         24        596       7274   freertos.o
        12          6          0         25          0       5502   general.o
        60          0          0          0          0        512   general_interface.o
       500         28          0          0          0       1135   gpio.o
       712         62          0         24      15360       7215   heap_4.o
       880        130          0         32        120       3332   imu_pid.o
       148          0          0          0          0       3434   list.o
       498         40          0          0          0     868604   main.o
      3464        518         36         68        468      17601   motor.o
      1288        222          0         92          0      18771   openmv.o
       654         24          0          0          0       2884   pid.o
       966         86          0         12          0      11637   port.o
       668        166          0         54          0       3385   qr_code.o
      1536         10          0          0          0      14409   queue.o
      1730        324         92         56         36       8419   read_status_task.o
       628        110          0        136          0       5837   servo.o
        64         26        456          0       1536        788   startup_stm32f750xx.o
       116         24          0          9          0       8198   stm32f7xx_hal.o
       252         22          0          0          0      38510   stm32f7xx_hal_cortex.o
       210          0          0          0          0       1895   stm32f7xx_hal_dma.o
       594         56          0          0          0       4171   stm32f7xx_hal_gpio.o
        76          6          0          0          0        782   stm32f7xx_hal_msp.o
       144          8          0          0          0       1228   stm32f7xx_hal_pwr_ex.o
      2008         86          0          0          0       6057   stm32f7xx_hal_rcc.o
      1764         18          0          0          0       2156   stm32f7xx_hal_rcc_ex.o
      4094        292          0          0          0      23839   stm32f7xx_hal_tim.o
       390         38          0          0          0       3824   stm32f7xx_hal_tim_ex.o
       136         18          0          0         76       1375   stm32f7xx_hal_timebase_tim.o
      2452         74          0          0          0      10611   stm32f7xx_hal_uart.o
       242         66          0          0          0       8221   stm32f7xx_it.o
        20          6         24          4          0       1035   system_stm32f7xx.o
      3090        382          0         60        240      26378   tasks.o
      1540         90          0          0        380       5981   tim.o
      4472        328          0         20        228       3534   tim_control.o
       288         34          0         22         76       2303   time_cnt.o
      2180        240          0        299        512      16333   track_bar_receive.o
        60          8          0          4          0        545   track_task.o
       400         40          0         16        200       4233   uart_handle.o
      1560        118          0          0       1056       6085   usart.o
      1864        438        120         28          0       4438   usmart.o
         0          0        908        428          0       2116   usmart_config.o
      1400         20          0          0          0       8949   usmart_str.o
        20          4          0          0          0        489   usmart_task.o

    ----------------------------------------------------------------------
     49866       4962       2036       1732      21128    1979109   Object Totals
         0          0         32          0          0          0   (incl. Generated)
        58          0          3         22          3          0   (incl. Padding)

    ----------------------------------------------------------------------

      Code (inc. data)   RO Data    RW Data    ZI Data      Debug   Library Member Name

        90          0          0          0          0          0   __dczerorl2.o
         8          0          0          0          0         68   __main.o
       392          4         17          0          0         92   __printf_flags_ss_wp.o
        14          0          0          0          0         68   __printf_wp.o
         0          0          0          0          0          0   __rtentry.o
        12          0          0          0          0          0   __rtentry2.o
         6          0          0          0          0          0   __rtentry4.o
        52          8          0          0          0          0   __scatter.o
        28          0          0          0          0          0   __scatter_zi.o
         6          0          0          0          0          0   _printf_c.o
        44          0          0          0          0        108   _printf_char.o
        48          6          0          0          0         96   _printf_char_common.o
        36          4          0          0          0         80   _printf_char_file.o
         6          0          0          0          0          0   _printf_d.o
       120         16          0          0          0         92   _printf_dec.o
        88          4         40          0          0         88   _printf_hex_int.o
       178          0          0          0          0         88   _printf_intcommon.o
        78          0          0          0          0        108   _printf_pad.o
         0          0          0          0          0          0   _printf_percent.o
         4          0          0          0          0          0   _printf_percent_end.o
         6          0          0          0          0          0   _printf_s.o
        82          0          0          0          0         80   _printf_str.o
         6          0          0          0          0          0   _printf_u.o
         6          0          0          0          0          0   _printf_x.o
        16          0          0          0          0         68   aeabi_memset.o
        18          0          0          0          0         80   exit.o
         8          0          0          0          0         68   ferror.o
         6          0          0          0          0        152   heapauxi.o
         2          0          0          0          0          0   libinit.o
         6          0          0          0          0          0   libinit2.o
         2          0          0          0          0          0   libshutdown.o
         2          0          0          0          0          0   libshutdown2.o
         8          4          0          0         96         68   libspace.o
       238          0          0          0          0        100   lludivv7m.o
        24          4          0          0          0         84   noretval__2printf.o
        68          0          0          0          0         68   rt_memclr.o
        78          0          0          0          0         80   rt_memclr_w.o
       138          0          0          0          0         68   rt_memcpy_v6.o
       100          0          0          0          0         80   rt_memcpy_w.o
         2          0          0          0          0          0   rtexit.o
        10          0          0          0          0          0   rtexit2.o
        74          0          0          0          0         80   sys_stackheap_outer.o
         2          0          0          0          0         68   use_no_semi.o
         2          0          0          0          0         68   use_no_semi_2.o
        24          0          0          0          0        164   basic.o
        98          4          0          0          0        140   d2f.o
       826         16          0          0          0        492   daddsub_clz.o
        24          0          0          0          0        116   dcmpi.o
       688        140          0          0          0        256   ddiv.o
       120          4          0          0          0        140   deqf.o
        94          4          0          0          0        140   dfix.o
        90          4          0          0          0        140   dfixu.o
        84          0          0          0          0        232   dflt_clz.o
       120          4          0          0          0        140   dleqf.o
       340         12          0          0          0        152   dmul.o
       156          4          0          0          0        140   dnaninf.o
        12          0          0          0          0        116   dretinf.o
       108          0          0          0          0        128   drleqf.o
        86          4          0          0          0        132   f2d.o
       140          4          0          0          0        132   fnaninf.o
        10          0          0          0          0        116   fpinit.o
        10          0          0          0          0        116   fretinf.o
         0          0          0          0          0          0   usenofp.o
        20          0          0          0          0        124   fabs.o

    ----------------------------------------------------------------------
      5178        250         60          0        100       5216   Library Totals
        14          0          3          0          4          0   (incl. Padding)

    ----------------------------------------------------------------------

      Code (inc. data)   RO Data    RW Data    ZI Data      Debug   Library Name

      2114         50         57          0         96       2100   c_w.l
      3030        200          0          0          0       2992   fz_wm.l
        20          0          0          0          0        124   m_wm.l

    ----------------------------------------------------------------------
      5178        250         60          0        100       5216   Library Totals

    ----------------------------------------------------------------------

==============================================================================


      Code (inc. data)   RO Data    RW Data    ZI Data      Debug   

     55044       5212       2096       1732      21228    1950033   Grand Totals
     55044       5212       2096        388      21228    1950033   ELF Image Totals (compressed)
     55044       5212       2096        388          0          0   ROM Totals

==============================================================================

    Total RO  Size (Code + RO Data)                57140 (  55.80kB)
    Total RW  Size (RW Data + ZI Data)             22960 (  22.42kB)
    Total ROM Size (Code + RO Data + RW Data)      57528 (  56.18kB)

==============================================================================

